../Core/Src/main.c:67:6:SendMotorStatus	16	static
../Core/Src/main.c:81:6:SetMotorSpeed	16	static
../Core/Src/main.c:97:6:SetTimeRotation	8	static
../Core/Src/main.c:102:6:StartMotorInfinite	8	static
../Core/Src/main.c:109:6:StartMotorTimeRotation	8	static
../Core/Src/main.c:117:6:StopAndResetMotor	8	static
../Core/Src/main.c:134:6:ProcessVCPCommand	24	static
../Core/Src/main.c:188:5:main	8	static
../Core/Src/main.c:245:6:SystemClock_Config	88	static
../Core/Src/main.c:292:13:MX_TIM2_Init	48	static
../Core/Src/main.c:341:13:MX_GPIO_Init	40	static
../Core/Src/main.c:378:6:HAL_TIM_PeriodElapsedCallback	16	static
../Core/Src/main.c:400:6:Error_Handler	4	static,ignoring_inline_asm
