Archive member included to satisfy reference by file (symbol)

D:/Files/STM32CubeIDE_1.16.0/STM32CubeIDE/plugins/com.st.stm32cube.ide.mcu.externaltools.gnu-tools-for-stm32.12.3.rel1.win32_1.0.200.202406191623/tools/bin/../lib/gcc/arm-none-eabi/12.3.1/../../../../arm-none-eabi/lib/thumb/v7-m/nofp\libc_nano.a(libc_a-exit.o)
                              D:/Files/STM32CubeIDE_1.16.0/STM32CubeIDE/plugins/com.st.stm32cube.ide.mcu.externaltools.gnu-tools-for-stm32.12.3.rel1.win32_1.0.200.202406191623/tools/bin/../lib/gcc/arm-none-eabi/12.3.1/../../../../arm-none-eabi/lib/thumb/v7-m/nofp/crt0.o (exit)
D:/Files/STM32CubeIDE_1.16.0/STM32CubeIDE/plugins/com.st.stm32cube.ide.mcu.externaltools.gnu-tools-for-stm32.12.3.rel1.win32_1.0.200.202406191623/tools/bin/../lib/gcc/arm-none-eabi/12.3.1/../../../../arm-none-eabi/lib/thumb/v7-m/nofp\libc_nano.a(libc_a-findfp.o)
                              D:/Files/STM32CubeIDE_1.16.0/STM32CubeIDE/plugins/com.st.stm32cube.ide.mcu.externaltools.gnu-tools-for-stm32.12.3.rel1.win32_1.0.200.202406191623/tools/bin/../lib/gcc/arm-none-eabi/12.3.1/../../../../arm-none-eabi/lib/thumb/v7-m/nofp\libc_nano.a(libc_a-exit.o) (__stdio_exit_handler)
D:/Files/STM32CubeIDE_1.16.0/STM32CubeIDE/plugins/com.st.stm32cube.ide.mcu.externaltools.gnu-tools-for-stm32.12.3.rel1.win32_1.0.200.202406191623/tools/bin/../lib/gcc/arm-none-eabi/12.3.1/../../../../arm-none-eabi/lib/thumb/v7-m/nofp\libc_nano.a(libc_a-fwalk.o)
                              D:/Files/STM32CubeIDE_1.16.0/STM32CubeIDE/plugins/com.st.stm32cube.ide.mcu.externaltools.gnu-tools-for-stm32.12.3.rel1.win32_1.0.200.202406191623/tools/bin/../lib/gcc/arm-none-eabi/12.3.1/../../../../arm-none-eabi/lib/thumb/v7-m/nofp\libc_nano.a(libc_a-findfp.o) (_fwalk_sglue)
D:/Files/STM32CubeIDE_1.16.0/STM32CubeIDE/plugins/com.st.stm32cube.ide.mcu.externaltools.gnu-tools-for-stm32.12.3.rel1.win32_1.0.200.202406191623/tools/bin/../lib/gcc/arm-none-eabi/12.3.1/../../../../arm-none-eabi/lib/thumb/v7-m/nofp\libc_nano.a(libc_a-stdio.o)
                              D:/Files/STM32CubeIDE_1.16.0/STM32CubeIDE/plugins/com.st.stm32cube.ide.mcu.externaltools.gnu-tools-for-stm32.12.3.rel1.win32_1.0.200.202406191623/tools/bin/../lib/gcc/arm-none-eabi/12.3.1/../../../../arm-none-eabi/lib/thumb/v7-m/nofp\libc_nano.a(libc_a-findfp.o) (__sread)
D:/Files/STM32CubeIDE_1.16.0/STM32CubeIDE/plugins/com.st.stm32cube.ide.mcu.externaltools.gnu-tools-for-stm32.12.3.rel1.win32_1.0.200.202406191623/tools/bin/../lib/gcc/arm-none-eabi/12.3.1/../../../../arm-none-eabi/lib/thumb/v7-m/nofp\libc_nano.a(libc_a-memset.o)
                              D:/Files/STM32CubeIDE_1.16.0/STM32CubeIDE/plugins/com.st.stm32cube.ide.mcu.externaltools.gnu-tools-for-stm32.12.3.rel1.win32_1.0.200.202406191623/tools/bin/../lib/gcc/arm-none-eabi/12.3.1/../../../../arm-none-eabi/lib/thumb/v7-m/nofp/crt0.o (memset)
D:/Files/STM32CubeIDE_1.16.0/STM32CubeIDE/plugins/com.st.stm32cube.ide.mcu.externaltools.gnu-tools-for-stm32.12.3.rel1.win32_1.0.200.202406191623/tools/bin/../lib/gcc/arm-none-eabi/12.3.1/../../../../arm-none-eabi/lib/thumb/v7-m/nofp\libc_nano.a(libc_a-closer.o)
                              D:/Files/STM32CubeIDE_1.16.0/STM32CubeIDE/plugins/com.st.stm32cube.ide.mcu.externaltools.gnu-tools-for-stm32.12.3.rel1.win32_1.0.200.202406191623/tools/bin/../lib/gcc/arm-none-eabi/12.3.1/../../../../arm-none-eabi/lib/thumb/v7-m/nofp\libc_nano.a(libc_a-stdio.o) (_close_r)
D:/Files/STM32CubeIDE_1.16.0/STM32CubeIDE/plugins/com.st.stm32cube.ide.mcu.externaltools.gnu-tools-for-stm32.12.3.rel1.win32_1.0.200.202406191623/tools/bin/../lib/gcc/arm-none-eabi/12.3.1/../../../../arm-none-eabi/lib/thumb/v7-m/nofp\libc_nano.a(libc_a-reent.o)
                              D:/Files/STM32CubeIDE_1.16.0/STM32CubeIDE/plugins/com.st.stm32cube.ide.mcu.externaltools.gnu-tools-for-stm32.12.3.rel1.win32_1.0.200.202406191623/tools/bin/../lib/gcc/arm-none-eabi/12.3.1/../../../../arm-none-eabi/lib/thumb/v7-m/nofp\libc_nano.a(libc_a-closer.o) (errno)
D:/Files/STM32CubeIDE_1.16.0/STM32CubeIDE/plugins/com.st.stm32cube.ide.mcu.externaltools.gnu-tools-for-stm32.12.3.rel1.win32_1.0.200.202406191623/tools/bin/../lib/gcc/arm-none-eabi/12.3.1/../../../../arm-none-eabi/lib/thumb/v7-m/nofp\libc_nano.a(libc_a-impure.o)
                              D:/Files/STM32CubeIDE_1.16.0/STM32CubeIDE/plugins/com.st.stm32cube.ide.mcu.externaltools.gnu-tools-for-stm32.12.3.rel1.win32_1.0.200.202406191623/tools/bin/../lib/gcc/arm-none-eabi/12.3.1/../../../../arm-none-eabi/lib/thumb/v7-m/nofp\libc_nano.a(libc_a-reent.o) (_impure_ptr)
D:/Files/STM32CubeIDE_1.16.0/STM32CubeIDE/plugins/com.st.stm32cube.ide.mcu.externaltools.gnu-tools-for-stm32.12.3.rel1.win32_1.0.200.202406191623/tools/bin/../lib/gcc/arm-none-eabi/12.3.1/../../../../arm-none-eabi/lib/thumb/v7-m/nofp\libc_nano.a(libc_a-lseekr.o)
[...]
Memory Configuration

Name             Origin             Length             Attributes
RAM              0x20000000         0x00005000         xrw
FLASH            0x08000000         0x00010000         xr
*default*        0x00000000         0xffffffff

Linker script and memory map

LOAD D:/Files/STM32CubeIDE_1.16.0/STM32CubeIDE/plugins/com.st.stm32cube.ide.mcu.externaltools.gnu-tools-for-stm32.12.3.rel1.win32_1.0.200.202406191623/tools/bin/../lib/gcc/arm-none-eabi/12.3.1/thumb/v7-m/nofp/crti.o
LOAD D:/Files/STM32CubeIDE_1.16.0/STM32CubeIDE/plugins/com.st.stm32cube.ide.mcu.externaltools.gnu-tools-for-stm32.12.3.rel1.win32_1.0.200.202406191623/tools/bin/../lib/gcc/arm-none-eabi/12.3.1/thumb/v7-m/nofp/crtbegin.o
LOAD D:/Files/STM32CubeIDE_1.16.0/STM32CubeIDE/plugins/com.st.stm32cube.ide.mcu.externaltools.gnu-tools-for-stm32.12.3.rel1.win32_1.0.200.202406191623/tools/bin/../lib/gcc/arm-none-eabi/12.3.1/../../../../arm-none-eabi/lib/thumb/v7-m/nofp/crt0.o
LOAD ./Core/Src/main.o
LOAD ./Core/Src/stm32f1xx_hal_msp.o
LOAD ./Core/Src/stm32f1xx_it.o
LOAD ./Core/Src/syscalls.o
LOAD ./Core/Src/sysmem.o
LOAD ./Core/Src/system_stm32f1xx.o
LOAD ./Core/Startup/startup_stm32f103c8tx.o
LOAD ./Drivers/STM32F1xx_HAL_Driver/Src/stm32f1xx_hal.o
LOAD ./Drivers/STM32F1xx_HAL_Driver/Src/stm32f1xx_hal_cortex.o
LOAD ./Drivers/STM32F1xx_HAL_Driver/Src/stm32f1xx_hal_dma.o
LOAD ./Drivers/STM32F1xx_HAL_Driver/Src/stm32f1xx_hal_exti.o
LOAD ./Drivers/STM32F1xx_HAL_Driver/Src/stm32f1xx_hal_flash.o
LOAD ./Drivers/STM32F1xx_HAL_Driver/Src/stm32f1xx_hal_flash_ex.o
LOAD ./Drivers/STM32F1xx_HAL_Driver/Src/stm32f1xx_hal_gpio.o
LOAD ./Drivers/STM32F1xx_HAL_Driver/Src/stm32f1xx_hal_gpio_ex.o
LOAD ./Drivers/STM32F1xx_HAL_Driver/Src/stm32f1xx_hal_pcd.o
LOAD ./Drivers/STM32F1xx_HAL_Driver/Src/stm32f1xx_hal_pcd_ex.o
LOAD ./Drivers/STM32F1xx_HAL_Driver/Src/stm32f1xx_hal_pwr.o
LOAD ./Drivers/STM32F1xx_HAL_Driver/Src/stm32f1xx_hal_rcc.o
LOAD ./Drivers/STM32F1xx_HAL_Driver/Src/stm32f1xx_hal_rcc_ex.o
LOAD ./Drivers/STM32F1xx_HAL_Driver/Src/stm32f1xx_hal_tim.o
LOAD ./Drivers/STM32F1xx_HAL_Driver/Src/stm32f1xx_hal_tim_ex.o
LOAD ./Drivers/STM32F1xx_HAL_Driver/Src/stm32f1xx_ll_usb.o
LOAD ./Middlewares/ST/STM32_USB_Device_Library/Class/CDC/Src/usbd_cdc.o
LOAD ./Middlewares/ST/STM32_USB_Device_Library/Core/Src/usbd_core.o
LOAD ./Middlewares/ST/STM32_USB_Device_Library/Core/Src/usbd_ctlreq.o
LOAD ./Middlewares/ST/STM32_USB_Device_Library/Core/Src/usbd_ioreq.o
LOAD ./USB_DEVICE/App/usb_device.o
LOAD ./USB_DEVICE/App/usbd_cdc_if.o
LOAD ./USB_DEVICE/App/usbd_desc.o
LOAD ./USB_DEVICE/Target/usbd_conf.o
START GROUP
LOAD D:/Files/STM32CubeIDE_1.16.0/STM32CubeIDE/plugins/com.st.stm32cube.ide.mcu.externaltools.gnu-tools-for-stm32.12.3.rel1.win32_1.0.200.202406191623/tools/bin/../lib/gcc/arm-none-eabi/12.3.1/../../../../arm-none-eabi/lib/thumb/v7-m/nofp\libc_nano.a
LOAD D:/Files/STM32CubeIDE_1.16.0/STM32CubeIDE/plugins/com.st.stm32cube.ide.mcu.externaltools.gnu-tools-for-stm32.12.3.rel1.win32_1.0.200.202406191623/tools/bin/../lib/gcc/arm-none-eabi/12.3.1/../../../../arm-none-eabi/lib/thumb/v7-m/nofp\libm.a
END GROUP
START GROUP
LOAD D:/Files/STM32CubeIDE_1.16.0/STM32CubeIDE/plugins/com.st.stm32cube.ide.mcu.externaltools.gnu-tools-for-stm32.12.3.rel1.win32_1.0.200.202406191623/tools/bin/../lib/gcc/arm-none-eabi/12.3.1/thumb/v7-m/nofp\libgcc.a
LOAD D:/Files/STM32CubeIDE_1.16.0/STM32CubeIDE/plugins/com.st.stm32cube.ide.mcu.externaltools.gnu-tools-for-stm32.12.3.rel1.win32_1.0.200.202406191623/tools/bin/../lib/gcc/arm-none-eabi/12.3.1/../../../../arm-none-eabi/lib/thumb/v7-m/nofp\libc_nano.a
END GROUP
START GROUP
LOAD D:/Files/STM32CubeIDE_1.16.0/STM32CubeIDE/plugins/com.st.stm32cube.ide.mcu.externaltools.gnu-tools-for-stm32.12.3.rel1.win32_1.0.200.202406191623/tools/bin/../lib/gcc/arm-none-eabi/12.3.1/thumb/v7-m/nofp\libgcc.a
LOAD D:/Files/STM32CubeIDE_1.16.0/STM32CubeIDE/plugins/com.st.stm32cube.ide.mcu.externaltools.gnu-tools-for-stm32.12.3.rel1.win32_1.0.200.202406191623/tools/bin/../lib/gcc/arm-none-eabi/12.3.1/../../../../arm-none-eabi/lib/thumb/v7-m/nofp\libc_nano.a
LOAD D:/Files/STM32CubeIDE_1.16.0/STM32CubeIDE/plugins/com.st.stm32cube.ide.mcu.externaltools.gnu-tools-for-stm32.12.3.rel1.win32_1.0.200.202406191623/tools/bin/../lib/gcc/arm-none-eabi/12.3.1/../../../../arm-none-eabi/lib/thumb/v7-m/nofp\libnosys.a
END GROUP
START GROUP
LOAD D:/Files/STM32CubeIDE_1.16.0/STM32CubeIDE/plugins/com.st.stm32cube.ide.mcu.externaltools.gnu-tools-for-stm32.12.3.rel1.win32_1.0.200.202406191623/tools/bin/../lib/gcc/arm-none-eabi/12.3.1/thumb/v7-m/nofp\libgcc.a
LOAD D:/Files/STM32CubeIDE_1.16.0/STM32CubeIDE/plugins/com.st.stm32cube.ide.mcu.externaltools.gnu-tools-for-stm32.12.3.rel1.win32_1.0.200.202406191623/tools/bin/../lib/gcc/arm-none-eabi/12.3.1/../../../../arm-none-eabi/lib/thumb/v7-m/nofp\libc_nano.a
LOAD D:/Files/STM32CubeIDE_1.16.0/STM32CubeIDE/plugins/com.st.stm32cube.ide.mcu.externaltools.gnu-tools-for-stm32.12.3.rel1.win32_1.0.200.202406191623/tools/bin/../lib/gcc/arm-none-eabi/12.3.1/../../../../arm-none-eabi/lib/thumb/v7-m/nofp\libnosys.a
END GROUP
LOAD D:/Files/STM32CubeIDE_1.16.0/STM32CubeIDE/plugins/com.st.stm32cube.ide.mcu.externaltools.gnu-tools-for-stm32.12.3.rel1.win32_1.0.200.202406191623/tools/bin/../lib/gcc/arm-none-eabi/12.3.1/thumb/v7-m/nofp/crtend.o
LOAD D:/Files/STM32CubeIDE_1.16.0/STM32CubeIDE/plugins/com.st.stm32cube.ide.mcu.externaltools.gnu-tools-for-stm32.12.3.rel1.win32_1.0.200.202406191623/tools/bin/../lib/gcc/arm-none-eabi/12.3.1/thumb/v7-m/nofp/crtn.o
                0x20005000                        _estack = (ORIGIN (RAM) + LENGTH (RAM))
                0x00000200                        _Min_Heap_Size = 0x200
                0x00000400                        _Min_Stack_Size = 0x400

.isr_vector     0x08000000      0x10c
                0x08000000                        . = ALIGN (0x4)
 *(.isr_vector)
 .isr_vector    0x08000000      0x10c ./Core/Startup/startup_stm32f103c8tx.o
                0x08000000                g_pfnVectors
                0x0800010c                        . = ALIGN (0x4)

.text           0x0800010c     0x8bb8
                0x0800010c                        . = ALIGN (0x4)
 *(.text)
 .text          0x0800010c       0x40 D:/Files/STM32CubeIDE_1.16.0/STM32CubeIDE/plugins/com.st.stm32cube.ide.mcu.externaltools.gnu-tools-for-stm32.12.3.rel1.win32_1.0.200.202406191623/tools/bin/../lib/gcc/arm-none-eabi/12.3.1/thumb/v7-m/nofp/crtbegin.o
 .text          0x0800014c      0x168 D:/Files/STM32CubeIDE_1.16.0/STM32CubeIDE/plugins/com.st.stm32cube.ide.mcu.externaltools.gnu-tools-for-stm32.12.3.rel1.win32_1.0.200.202406191623/tools/bin/../lib/gcc/arm-none-eabi/12.3.1/thumb/v7-m/nofp\libgcc.a(_arm_mulsf3.o)
                0x0800014c                __aeabi_fmul
                0x0800014c                __mulsf3
 .text          0x080002b4      0x21c D:/Files/STM32CubeIDE_1.16.0/STM32CubeIDE/plugins/com.st.stm32cube.ide.mcu.externaltools.gnu-tools-for-stm32.12.3.rel1.win32_1.0.200.202406191623/tools/bin/../lib/gcc/arm-none-eabi/12.3.1/thumb/v7-m/nofp\libgcc.a(_arm_addsubsf3.o)
                0x080002b4                __aeabi_frsub
                0x080002bc                __subsf3
                0x080002bc                __aeabi_fsub
                0x080002c0                __aeabi_fadd
                0x080002c0                __addsf3
                0x08000420                __aeabi_ui2f
                0x08000420                __floatunsisf
                0x08000428                __aeabi_i2f
                0x08000428                __floatsisf
                0x08000444                __aeabi_ul2f
                0x08000444                __floatundisf
                0x08000454                __aeabi_l2f
                0x08000454                __floatdisf
 .text          0x080004d0       0xec D:/Files/STM32CubeIDE_1.16.0/STM32CubeIDE/plugins/com.st.stm32cube.ide.mcu.externaltools.gnu-tools-for-stm32.12.3.rel1.win32_1.0.200.202406191623/tools/bin/../lib/gcc/arm-none-eabi/12.3.1/thumb/v7-m/nofp\libgcc.a(_arm_cmpsf2.o)
                0x080004d0                __gesf2
                0x080004d0                __gtsf2
                0x080004d8                __lesf2
                0x080004d8                __ltsf2
                0x080004e0                __nesf2
                0x080004e0                __eqsf2
                0x080004e0                __cmpsf2
                0x08000540                __aeabi_cfrcmple
                0x08000548                __aeabi_cfcmpeq
                0x08000548                __aeabi_cfcmple
                0x08000558                __aeabi_fcmpeq
                0x0800056c                __aeabi_fcmplt
                0x08000580                __aeabi_fcmple
                0x08000594                __aeabi_fcmpge
                0x080005a8                __aeabi_fcmpgt
 *(.text*)
 .text.SendMotorStatus
                0x080005bc       0x30 ./Core/Src/main.o
                0x080005bc                SendMotorStatus
 .text.SetMotorSpeed
                0x080005ec       0x94 ./Core/Src/main.o
                0x080005ec                SetMotorSpeed
 .text.SetTimeRotation
                0x08000680       0x38 ./Core/Src/main.o
                0x08000680                SetTimeRotation
 .text.StartMotorInfinite
                0x080006b8       0x20 ./Core/Src/main.o
                0x080006b8                StartMotorInfinite
 .text.StartMotorTimeRotation
                0x080006d8       0x24 ./Core/Src/main.o
                0x080006d8                StartMotorTimeRotation
 .text.StopAndResetMotor
                0x080006fc       0x80 ./Core/Src/main.o
                0x080006fc                StopAndResetMotor
 .text.ProcessVCPCommand
                0x0800077c      0x15c ./Core/Src/main.o
                0x0800077c                ProcessVCPCommand
 .text.main     0x080008d8       0x58 ./Core/Src/main.o
                0x080008d8                main
 .text.SystemClock_Config
                0x08000930       0xb4 ./Core/Src/main.o
                0x08000930                SystemClock_Config
 .text.MX_TIM2_Init
                0x080009e4       0xb0 ./Core/Src/main.o
 .text.MX_GPIO_Init
                0x08000a94       0xd8 ./Core/Src/main.o
 .text.HAL_TIM_PeriodElapsedCallback
                0x08000b6c       0x94 ./Core/Src/main.o
                0x08000b6c                HAL_TIM_PeriodElapsedCallback
 .text.Error_Handler
                0x08000c00        0xc ./Core/Src/main.o
                0x08000c00                Error_Handler
 .text.HAL_MspInit
                0x08000c0c       0x64 ./Core/Src/stm32f1xx_hal_msp.o
                0x08000c0c                HAL_MspInit
 .text.HAL_TIM_PWM_MspInit
                0x08000c70       0x48 ./Core/Src/stm32f1xx_hal_msp.o
                0x08000c70                HAL_TIM_PWM_MspInit
 .text.HAL_TIM_MspPostInit
                0x08000cb8       0x60 ./Core/Src/stm32f1xx_hal_msp.o
                0x08000cb8                HAL_TIM_MspPostInit
 .text.NMI_Handler
                0x08000d18        0x8 ./Core/Src/stm32f1xx_it.o
                0x08000d18                NMI_Handler
 .text.HardFault_Handler
                0x08000d20        0x8 ./Core/Src/stm32f1xx_it.o
                0x08000d20                HardFault_Handler
 .text.MemManage_Handler
                0x08000d28        0x8 ./Core/Src/stm32f1xx_it.o
                0x08000d28                MemManage_Handler
 .text.BusFault_Handler
                0x08000d30        0x8 ./Core/Src/stm32f1xx_it.o
                0x08000d30                BusFault_Handler
 .text.UsageFault_Handler
                0x08000d38        0x8 ./Core/Src/stm32f1xx_it.o
                0x08000d38                UsageFault_Handler
 .text.SVC_Handler
                0x08000d40        0xc ./Core/Src/stm32f1xx_it.o
                0x08000d40                SVC_Handler
 .text.DebugMon_Handler
                0x08000d4c        0xc ./Core/Src/stm32f1xx_it.o
                0x08000d4c                DebugMon_Handler
 .text.PendSV_Handler
                0x08000d58        0xc ./Core/Src/stm32f1xx_it.o
                0x08000d58                PendSV_Handler
 .text.SysTick_Handler
                0x08000d64        0xc ./Core/Src/stm32f1xx_it.o
                0x08000d64                SysTick_Handler
 .text.USB_LP_CAN1_RX0_IRQHandler
                0x08000d70       0x14 ./Core/Src/stm32f1xx_it.o
                0x08000d70                USB_LP_CAN1_RX0_IRQHandler
 .text.TIM2_IRQHandler
                0x08000d84       0x14 ./Core/Src/stm32f1xx_it.o
                0x08000d84                TIM2_IRQHandler
 .text.SystemInit
                0x08000d98        0xc ./Core/Src/system_stm32f1xx.o
                0x08000d98                SystemInit
 .text.Reset_Handler
                0x08000da4       0x48 ./Core/Startup/startup_stm32f103c8tx.o
                0x08000da4                Reset_Handler
 .text.Default_Handler
                0x08000dec        0x2 ./Core/Startup/startup_stm32f103c8tx.o
                0x08000dec                RTC_Alarm_IRQHandler
                0x08000dec                EXTI2_IRQHandler
                0x08000dec                TIM1_CC_IRQHandler
                0x08000dec                PVD_IRQHandler
                0x08000dec                EXTI3_IRQHandler
                0x08000dec                EXTI0_IRQHandler
                0x08000dec                I2C2_EV_IRQHandler
                0x08000dec                ADC1_2_IRQHandler
                0x08000dec                SPI1_IRQHandler
                0x08000dec                TAMPER_IRQHandler
                0x08000dec                DMA1_Channel4_IRQHandler
                0x08000dec                USART3_IRQHandler
                0x08000dec                RTC_IRQHandler
                0x08000dec                DMA1_Channel7_IRQHandler
                0x08000dec                CAN1_RX1_IRQHandler
                0x08000dec                TIM4_IRQHandler
                0x08000dec                I2C1_EV_IRQHandler
                0x08000dec                DMA1_Channel6_IRQHandler
                0x08000dec                TIM3_IRQHandler
                0x08000dec                RCC_IRQHandler
                0x08000dec                TIM1_TRG_COM_IRQHandler
                0x08000dec                DMA1_Channel1_IRQHandler
                0x08000dec                Default_Handler
                0x08000dec                EXTI15_10_IRQHandler
                0x08000dec                EXTI9_5_IRQHandler
                0x08000dec                SPI2_IRQHandler
                0x08000dec                DMA1_Channel5_IRQHandler
                0x08000dec                EXTI4_IRQHandler
                0x08000dec                USB_HP_CAN1_TX_IRQHandler
                0x08000dec                DMA1_Channel3_IRQHandler
                0x08000dec                TIM1_UP_IRQHandler
                0x08000dec                WWDG_IRQHandler
                0x08000dec                TIM1_BRK_IRQHandler
                0x08000dec                EXTI1_IRQHandler
                0x08000dec                USART2_IRQHandler
                0x08000dec                I2C2_ER_IRQHandler
                0x08000dec                DMA1_Channel2_IRQHandler
                0x08000dec                CAN1_SCE_IRQHandler
                0x08000dec                FLASH_IRQHandler
                0x08000dec                USART1_IRQHandler
                0x08000dec                I2C1_ER_IRQHandler
                0x08000dec                USBWakeUp_IRQHandler
 *fill*         0x08000dee        0x2 
 .text.HAL_Init
                0x08000df0       0x2c ./Drivers/STM32F1xx_HAL_Driver/Src/stm32f1xx_hal.o
                0x08000df0                HAL_Init
 .text.HAL_InitTick
                0x08000e1c       0x60 ./Drivers/STM32F1xx_HAL_Driver/Src/stm32f1xx_hal.o
                0x08000e1c                HAL_InitTick
 .text.HAL_IncTick
                0x08000e7c       0x24 ./Drivers/STM32F1xx_HAL_Driver/Src/stm32f1xx_hal.o
                0x08000e7c                HAL_IncTick
 .text.HAL_GetTick
                0x08000ea0       0x14 ./Drivers/STM32F1xx_HAL_Driver/Src/stm32f1xx_hal.o
                0x08000ea0                HAL_GetTick
 .text.__NVIC_SetPriorityGrouping
                0x08000eb4       0x48 ./Drivers/STM32F1xx_HAL_Driver/Src/stm32f1xx_hal_cortex.o
 .text.__NVIC_GetPriorityGrouping
                0x08000efc       0x1c ./Drivers/STM32F1xx_HAL_Driver/Src/stm32f1xx_hal_cortex.o
 .text.__NVIC_EnableIRQ
                0x08000f18       0x38 ./Drivers/STM32F1xx_HAL_Driver/Src/stm32f1xx_hal_cortex.o
 .text.__NVIC_SetPriority
                0x08000f50       0x54 ./Drivers/STM32F1xx_HAL_Driver/Src/stm32f1xx_hal_cortex.o
 .text.NVIC_EncodePriority
                0x08000fa4       0x64 ./Drivers/STM32F1xx_HAL_Driver/Src/stm32f1xx_hal_cortex.o
 .text.SysTick_Config
                0x08001008       0x44 ./Drivers/STM32F1xx_HAL_Driver/Src/stm32f1xx_hal_cortex.o
 .text.HAL_NVIC_SetPriorityGrouping
                0x0800104c       0x16 ./Drivers/STM32F1xx_HAL_Driver/Src/stm32f1xx_hal_cortex.o
                0x0800104c                HAL_NVIC_SetPriorityGrouping
 .text.HAL_NVIC_SetPriority
                0x08001062       0x38 ./Drivers/STM32F1xx_HAL_Driver/Src/stm32f1xx_hal_cortex.o
                0x08001062                HAL_NVIC_SetPriority
 .text.HAL_NVIC_EnableIRQ
                0x0800109a       0x1c ./Drivers/STM32F1xx_HAL_Driver/Src/stm32f1xx_hal_cortex.o
                0x0800109a                HAL_NVIC_EnableIRQ
 .text.HAL_SYSTICK_Config
                0x080010b6       0x18 ./Drivers/STM32F1xx_HAL_Driver/Src/stm32f1xx_hal_cortex.o
                0x080010b6                HAL_SYSTICK_Config
 *fill*         0x080010ce        0x2 
 .text.HAL_GPIO_Init
                0x080010d0      0x308 ./Drivers/STM32F1xx_HAL_Driver/Src/stm32f1xx_hal_gpio.o
                0x080010d0                HAL_GPIO_Init
 .text.HAL_GPIO_WritePin
                0x080013d8       0x30 ./Drivers/STM32F1xx_HAL_Driver/Src/stm32f1xx_hal_gpio.o
                0x080013d8                HAL_GPIO_WritePin
 .text.HAL_GPIO_TogglePin
                0x08001408       0x32 ./Drivers/STM32F1xx_HAL_Driver/Src/stm32f1xx_hal_gpio.o
                0x08001408                HAL_GPIO_TogglePin
 .text.HAL_PCD_Init
                0x0800143a      0x1fe ./Drivers/STM32F1xx_HAL_Driver/Src/stm32f1xx_hal_pcd.o
                0x0800143a                HAL_PCD_Init
 .text.HAL_PCD_Start
                0x08001638       0x4c ./Drivers/STM32F1xx_HAL_Driver/Src/stm32f1xx_hal_pcd.o
                0x08001638                HAL_PCD_Start
 .text.HAL_PCD_IRQHandler
                0x08001684      0x260 ./Drivers/STM32F1xx_HAL_Driver/Src/stm32f1xx_hal_pcd.o
                0x08001684                HAL_PCD_IRQHandler
 .text.HAL_PCD_SetAddress
                0x080018e4       0x4a ./Drivers/STM32F1xx_HAL_Driver/Src/stm32f1xx_hal_pcd.o
                0x080018e4                HAL_PCD_SetAddress
 .text.HAL_PCD_EP_Open
                0x0800192e       0xba ./Drivers/STM32F1xx_HAL_Driver/Src/stm32f1xx_hal_pcd.o
                0x0800192e                HAL_PCD_EP_Open
 .text.HAL_PCD_EP_Close
                0x080019e8       0x90 ./Drivers/STM32F1xx_HAL_Driver/Src/stm32f1xx_hal_pcd.o
                0x080019e8                HAL_PCD_EP_Close
 .text.HAL_PCD_EP_Receive
                0x08001a78       0x62 ./Drivers/STM32F1xx_HAL_Driver/Src/stm32f1xx_hal_pcd.o
                0x08001a78                HAL_PCD_EP_Receive
 .text.HAL_PCD_EP_GetRxCount
                0x08001ada       0x2e ./Drivers/STM32F1xx_HAL_Driver/Src/stm32f1xx_hal_pcd.o
                0x08001ada                HAL_PCD_EP_GetRxCount
 .text.HAL_PCD_EP_Transmit
                0x08001b08       0x6e ./Drivers/STM32F1xx_HAL_Driver/Src/stm32f1xx_hal_pcd.o
                0x08001b08                HAL_PCD_EP_Transmit
 .text.HAL_PCD_EP_SetStall
                0x08001b76       0xc0 ./Drivers/STM32F1xx_HAL_Driver/Src/stm32f1xx_hal_pcd.o
                0x08001b76                HAL_PCD_EP_SetStall
 .text.HAL_PCD_EP_ClrStall
                0x08001c36       0xa8 ./Drivers/STM32F1xx_HAL_Driver/Src/stm32f1xx_hal_pcd.o
                0x08001c36                HAL_PCD_EP_ClrStall
 .text.PCD_EP_ISR_Handler
                0x08001cde      0x7a4 ./Drivers/STM32F1xx_HAL_Driver/Src/stm32f1xx_hal_pcd.o
 .text.HAL_PCD_EP_DB_Receive
                0x08002482      0x21a ./Drivers/STM32F1xx_HAL_Driver/Src/stm32f1xx_hal_pcd.o
 .text.HAL_PCD_EP_DB_Transmit
                0x0800269c      0x7f4 ./Drivers/STM32F1xx_HAL_Driver/Src/stm32f1xx_hal_pcd.o
 .text.HAL_PCDEx_PMAConfig
                0x08002e90       0x84 ./Drivers/STM32F1xx_HAL_Driver/Src/stm32f1xx_hal_pcd_ex.o
                0x08002e90                HAL_PCDEx_PMAConfig
 .text.HAL_RCC_OscConfig
                0x08002f14      0x504 ./Drivers/STM32F1xx_HAL_Driver/Src/stm32f1xx_hal_rcc.o
                0x08002f14                HAL_RCC_OscConfig
 .text.HAL_RCC_ClockConfig
                0x08003418      0x1d4 ./Drivers/STM32F1xx_HAL_Driver/Src/stm32f1xx_hal_rcc.o
                0x08003418                HAL_RCC_ClockConfig
 .text.HAL_RCC_GetSysClockFreq
                0x080035ec       0xa8 ./Drivers/STM32F1xx_HAL_Driver/Src/stm32f1xx_hal_rcc.o
                0x080035ec                HAL_RCC_GetSysClockFreq
 .text.RCC_Delay
                0x08003694       0x3c ./Drivers/STM32F1xx_HAL_Driver/Src/stm32f1xx_hal_rcc.o
 .text.HAL_RCCEx_PeriphCLKConfig
                0x080036d0      0x16c ./Drivers/STM32F1xx_HAL_Driver/Src/stm32f1xx_hal_rcc_ex.o
                0x080036d0                HAL_RCCEx_PeriphCLKConfig
 .text.HAL_TIM_Base_Start_IT
                0x0800383c       0xa4 ./Drivers/STM32F1xx_HAL_Driver/Src/stm32f1xx_hal_tim.o
                0x0800383c                HAL_TIM_Base_Start_IT
 .text.HAL_TIM_Base_Stop_IT
                0x080038e0       0x5c ./Drivers/STM32F1xx_HAL_Driver/Src/stm32f1xx_hal_tim.o
                0x080038e0                HAL_TIM_Base_Stop_IT
 .text.HAL_TIM_PWM_Init
                0x0800393c       0x9e ./Drivers/STM32F1xx_HAL_Driver/Src/stm32f1xx_hal_tim.o
                0x0800393c                HAL_TIM_PWM_Init
 *fill*         0x080039da        0x2 
 .text.HAL_TIM_PWM_Start
                0x080039dc      0x144 ./Drivers/STM32F1xx_HAL_Driver/Src/stm32f1xx_hal_tim.o
                0x080039dc                HAL_TIM_PWM_Start
 .text.HAL_TIM_PWM_Stop
                0x08003b20       0xc8 ./Drivers/STM32F1xx_HAL_Driver/Src/stm32f1xx_hal_tim.o
                0x08003b20                HAL_TIM_PWM_Stop
 .text.HAL_TIM_IRQHandler
                0x08003be8      0x210 ./Drivers/STM32F1xx_HAL_Driver/Src/stm32f1xx_hal_tim.o
                0x08003be8                HAL_TIM_IRQHandler
 .text.HAL_TIM_PWM_ConfigChannel
                0x08003df8      0x184 ./Drivers/STM32F1xx_HAL_Driver/Src/stm32f1xx_hal_tim.o
                0x08003df8                HAL_TIM_PWM_ConfigChannel
 .text.HAL_TIM_OC_DelayElapsedCallback
                0x08003f7c       0x12 ./Drivers/STM32F1xx_HAL_Driver/Src/stm32f1xx_hal_tim.o
                0x08003f7c                HAL_TIM_OC_DelayElapsedCallback
 .text.HAL_TIM_IC_CaptureCallback
                0x08003f8e       0x12 ./Drivers/STM32F1xx_HAL_Driver/Src/stm32f1xx_hal_tim.o
                0x08003f8e                HAL_TIM_IC_CaptureCallback
 .text.HAL_TIM_PWM_PulseFinishedCallback
                0x08003fa0       0x12 ./Drivers/STM32F1xx_HAL_Driver/Src/stm32f1xx_hal_tim.o
                0x08003fa0                HAL_TIM_PWM_PulseFinishedCallback
 .text.HAL_TIM_TriggerCallback
                0x08003fb2       0x12 ./Drivers/STM32F1xx_HAL_Driver/Src/stm32f1xx_hal_tim.o
                0x08003fb2                HAL_TIM_TriggerCallback
 .text.TIM_Base_SetConfig
                0x08003fc4       0xc4 ./Drivers/STM32F1xx_HAL_Driver/Src/stm32f1xx_hal_tim.o
                0x08003fc4                TIM_Base_SetConfig
 .text.TIM_OC1_SetConfig
                0x08004088       0xcc ./Drivers/STM32F1xx_HAL_Driver/Src/stm32f1xx_hal_tim.o
 .text.TIM_OC2_SetConfig
                0x08004154       0xd4 ./Drivers/STM32F1xx_HAL_Driver/Src/stm32f1xx_hal_tim.o
                0x08004154                TIM_OC2_SetConfig
 .text.TIM_OC3_SetConfig
                0x08004228       0xd4 ./Drivers/STM32F1xx_HAL_Driver/Src/stm32f1xx_hal_tim.o
 .text.TIM_OC4_SetConfig
                0x080042fc       0x9c ./Drivers/STM32F1xx_HAL_Driver/Src/stm32f1xx_hal_tim.o
 .text.TIM_CCxChannelCmd
                0x08004398       0x48 ./Drivers/STM32F1xx_HAL_Driver/Src/stm32f1xx_hal_tim.o
                0x08004398                TIM_CCxChannelCmd
 .text.HAL_TIMEx_MasterConfigSynchronization
                0x080043e0       0xbc ./Drivers/STM32F1xx_HAL_Driver/Src/stm32f1xx_hal_tim_ex.o
                0x080043e0                HAL_TIMEx_MasterConfigSynchronization
 .text.HAL_TIMEx_CommutCallback
                0x0800449c       0x12 ./Drivers/STM32F1xx_HAL_Driver/Src/stm32f1xx_hal_tim_ex.o
                0x0800449c                HAL_TIMEx_CommutCallback
 .text.HAL_TIMEx_BreakCallback
                0x080044ae       0x12 ./Drivers/STM32F1xx_HAL_Driver/Src/stm32f1xx_hal_tim_ex.o
                0x080044ae                HAL_TIMEx_BreakCallback
 .text.USB_CoreInit
                0x080044c0       0x20 ./Drivers/STM32F1xx_HAL_Driver/Src/stm32f1xx_ll_usb.o
                0x080044c0                USB_CoreInit
 .text.USB_EnableGlobalInt
                0x080044e0       0x2c ./Drivers/STM32F1xx_HAL_Driver/Src/stm32f1xx_ll_usb.o
                0x080044e0                USB_EnableGlobalInt
 .text.USB_DisableGlobalInt
                0x0800450c       0x34 ./Drivers/STM32F1xx_HAL_Driver/Src/stm32f1xx_ll_usb.o
                0x0800450c                USB_DisableGlobalInt
 .text.USB_SetCurrentMode
                0x08004540       0x18 ./Drivers/STM32F1xx_HAL_Driver/Src/stm32f1xx_ll_usb.o
                0x08004540                USB_SetCurrentMode
 .text.USB_DevInit
                0x08004558       0x40 ./Drivers/STM32F1xx_HAL_Driver/Src/stm32f1xx_ll_usb.o
                0x08004558                USB_DevInit
 .text.USB_ActivateEndpoint
                0x08004598      0x780 ./Drivers/STM32F1xx_HAL_Driver/Src/stm32f1xx_ll_usb.o
                0x08004598                USB_ActivateEndpoint
 .text.USB_DeactivateEndpoint
                0x08004d18      0x3d8 ./Drivers/STM32F1xx_HAL_Driver/Src/stm32f1xx_ll_usb.o
                0x08004d18                USB_DeactivateEndpoint
 .text.USB_EPStartXfer
                0x080050f0     0x1762 ./Drivers/STM32F1xx_HAL_Driver/Src/stm32f1xx_ll_usb.o
                0x080050f0                USB_EPStartXfer
 .text.USB_EPSetStall
                0x08006852       0xa0 ./Drivers/STM32F1xx_HAL_Driver/Src/stm32f1xx_ll_usb.o
                0x08006852                USB_EPSetStall
 .text.USB_EPClearStall
                0x080068f2      0x15a ./Drivers/STM32F1xx_HAL_Driver/Src/stm32f1xx_ll_usb.o
                0x080068f2                USB_EPClearStall
 .text.USB_SetDevAddress
                0x08006a4c       0x26 ./Drivers/STM32F1xx_HAL_Driver/Src/stm32f1xx_ll_usb.o
                0x08006a4c                USB_SetDevAddress
 .text.USB_DevConnect
                0x08006a72       0x14 ./Drivers/STM32F1xx_HAL_Driver/Src/stm32f1xx_ll_usb.o
                0x08006a72                USB_DevConnect
 .text.USB_DevDisconnect
                0x08006a86       0x14 ./Drivers/STM32F1xx_HAL_Driver/Src/stm32f1xx_ll_usb.o
                0x08006a86                USB_DevDisconnect
 .text.USB_ReadInterrupts
                0x08006a9a       0x1e ./Drivers/STM32F1xx_HAL_Driver/Src/stm32f1xx_ll_usb.o
                0x08006a9a                USB_ReadInterrupts
 .text.USB_EP0_OutStart
                0x08006ab8       0x16 ./Drivers/STM32F1xx_HAL_Driver/Src/stm32f1xx_ll_usb.o
                0x08006ab8                USB_EP0_OutStart
 .text.USB_WritePMA
                0x08006ace       0x8a ./Drivers/STM32F1xx_HAL_Driver/Src/stm32f1xx_ll_usb.o
                0x08006ace                USB_WritePMA
 .text.USB_ReadPMA
                0x08006b58       0x9e ./Drivers/STM32F1xx_HAL_Driver/Src/stm32f1xx_ll_usb.o
                0x08006b58                USB_ReadPMA
 .text.USBD_CDC_Init
                0x08006bf6       0xf4 ./Middlewares/ST/STM32_USB_Device_Library/Class/CDC/Src/usbd_cdc.o
 .text.USBD_CDC_DeInit
                0x08006cea       0x6e ./Middlewares/ST/STM32_USB_Device_Library/Class/CDC/Src/usbd_cdc.o
 .text.USBD_CDC_Setup
                0x08006d58      0x146 ./Middlewares/ST/STM32_USB_Device_Library/Class/CDC/Src/usbd_cdc.o
 .text.USBD_CDC_DataIn
                0x08006e9e       0xa6 ./Middlewares/ST/STM32_USB_Device_Library/Class/CDC/Src/usbd_cdc.o
 .text.USBD_CDC_DataOut
                0x08006f44       0x56 ./Middlewares/ST/STM32_USB_Device_Library/Class/CDC/Src/usbd_cdc.o
 .text.USBD_CDC_EP0_RxReady
                0x08006f9a       0x4e ./Middlewares/ST/STM32_USB_Device_Library/Class/CDC/Src/usbd_cdc.o
 .text.USBD_CDC_GetFSCfgDesc
                0x08006fe8       0x20 ./Middlewares/ST/STM32_USB_Device_Library/Class/CDC/Src/usbd_cdc.o
 .text.USBD_CDC_GetHSCfgDesc
                0x08007008       0x20 ./Middlewares/ST/STM32_USB_Device_Library/Class/CDC/Src/usbd_cdc.o
 .text.USBD_CDC_GetOtherSpeedCfgDesc
                0x08007028       0x20 ./Middlewares/ST/STM32_USB_Device_Library/Class/CDC/Src/usbd_cdc.o
 .text.USBD_CDC_GetDeviceQualifierDescriptor
                0x08007048       0x20 ./Middlewares/ST/STM32_USB_Device_Library/Class/CDC/Src/usbd_cdc.o
                0x08007048                USBD_CDC_GetDeviceQualifierDescriptor
 .text.USBD_CDC_RegisterInterface
                0x08007068       0x2c ./Middlewares/ST/STM32_USB_Device_Library/Class/CDC/Src/usbd_cdc.o
                0x08007068                USBD_CDC_RegisterInterface
 .text.USBD_CDC_SetTxBuffer
                0x08007094       0x32 ./Middlewares/ST/STM32_USB_Device_Library/Class/CDC/Src/usbd_cdc.o
                0x08007094                USBD_CDC_SetTxBuffer
 .text.USBD_CDC_SetRxBuffer
                0x080070c6       0x26 ./Middlewares/ST/STM32_USB_Device_Library/Class/CDC/Src/usbd_cdc.o
                0x080070c6                USBD_CDC_SetRxBuffer
 .text.USBD_CDC_TransmitPacket
                0x080070ec       0x5e ./Middlewares/ST/STM32_USB_Device_Library/Class/CDC/Src/usbd_cdc.o
                0x080070ec                USBD_CDC_TransmitPacket
 .text.USBD_CDC_ReceivePacket
                0x0800714a       0x54 ./Middlewares/ST/STM32_USB_Device_Library/Class/CDC/Src/usbd_cdc.o
                0x0800714a                USBD_CDC_ReceivePacket
 .text.USBD_Init
                0x0800719e       0x56 ./Middlewares/ST/STM32_USB_Device_Library/Core/Src/usbd_core.o
                0x0800719e                USBD_Init
 .text.USBD_RegisterClass
                0x080071f4       0x32 ./Middlewares/ST/STM32_USB_Device_Library/Core/Src/usbd_core.o
                0x080071f4                USBD_RegisterClass
 .text.USBD_Start
                0x08007226       0x18 ./Middlewares/ST/STM32_USB_Device_Library/Core/Src/usbd_core.o
                0x08007226                USBD_Start
 .text.USBD_RunTestMode
                0x0800723e       0x14 ./Middlewares/ST/STM32_USB_Device_Library/Core/Src/usbd_core.o
                0x0800723e                USBD_RunTestMode
 .text.USBD_SetClassConfig
                0x08007252       0x3e ./Middlewares/ST/STM32_USB_Device_Library/Core/Src/usbd_core.o
                0x08007252                USBD_SetClassConfig
 .text.USBD_ClrClassConfig
                0x08007290       0x26 ./Middlewares/ST/STM32_USB_Device_Library/Core/Src/usbd_core.o
                0x08007290                USBD_ClrClassConfig
 .text.USBD_LL_SetupStage
                0x080072b6       0x9a ./Middlewares/ST/STM32_USB_Device_Library/Core/Src/usbd_core.o
                0x080072b6                USBD_LL_SetupStage
 .text.USBD_LL_DataOutStage
                0x08007350       0xe2 ./Middlewares/ST/STM32_USB_Device_Library/Core/Src/usbd_core.o
                0x08007350                USBD_LL_DataOutStage
 .text.USBD_LL_DataInStage
                0x08007432      0x14a ./Middlewares/ST/STM32_USB_Device_Library/Core/Src/usbd_core.o
                0x08007432                USBD_LL_DataInStage
 .text.USBD_LL_Reset
                0x0800757c       0x82 ./Middlewares/ST/STM32_USB_Device_Library/Core/Src/usbd_core.o
                0x0800757c                USBD_LL_Reset
 .text.USBD_LL_SetSpeed
                0x080075fe       0x1e ./Middlewares/ST/STM32_USB_Device_Library/Core/Src/usbd_core.o
                0x080075fe                USBD_LL_SetSpeed
 .text.USBD_LL_Suspend
                0x0800761c       0x28 ./Middlewares/ST/STM32_USB_Device_Library/Core/Src/usbd_core.o
                0x0800761c                USBD_LL_Suspend
 .text.USBD_LL_Resume
                0x08007644       0x2a ./Middlewares/ST/STM32_USB_Device_Library/Core/Src/usbd_core.o
                0x08007644                USBD_LL_Resume
 .text.USBD_LL_SOF
                0x0800766e       0x34 ./Middlewares/ST/STM32_USB_Device_Library/Core/Src/usbd_core.o
                0x0800766e                USBD_LL_SOF
 *fill*         0x080076a2        0x2 
 .text.USBD_StdDevReq
                0x080076a4       0xd4 ./Middlewares/ST/STM32_USB_Device_Library/Core/Src/usbd_ctlreq.o
                0x080076a4                USBD_StdDevReq
 .text.USBD_StdItfReq
                0x08007778       0x90 ./Middlewares/ST/STM32_USB_Device_Library/Core/Src/usbd_ctlreq.o
                0x08007778                USBD_StdItfReq
 .text.USBD_StdEPReq
                0x08007808      0x2c6 ./Middlewares/ST/STM32_USB_Device_Library/Core/Src/usbd_ctlreq.o
                0x08007808                USBD_StdEPReq
 *fill*         0x08007ace        0x2 
 .text.USBD_GetDescriptor
                0x08007ad0      0x2d0 ./Middlewares/ST/STM32_USB_Device_Library/Core/Src/usbd_ctlreq.o
 .text.USBD_SetAddress
                0x08007da0       0x86 ./Middlewares/ST/STM32_USB_Device_Library/Core/Src/usbd_ctlreq.o
 *fill*         0x08007e26        0x2 
 .text.USBD_SetConfig
                0x08007e28      0x11c ./Middlewares/ST/STM32_USB_Device_Library/Core/Src/usbd_ctlreq.o
 .text.USBD_GetConfig
                0x08007f44       0x6a ./Middlewares/ST/STM32_USB_Device_Library/Core/Src/usbd_ctlreq.o
 .text.USBD_GetStatus
                0x08007fae       0x66 ./Middlewares/ST/STM32_USB_Device_Library/Core/Src/usbd_ctlreq.o
 .text.USBD_SetFeature
                0x08008014       0x28 ./Middlewares/ST/STM32_USB_Device_Library/Core/Src/usbd_ctlreq.o
 .text.USBD_ClrFeature
                0x0800803c       0x42 ./Middlewares/ST/STM32_USB_Device_Library/Core/Src/usbd_ctlreq.o
 .text.USBD_ParseSetupRequest
                0x0800807e       0x72 ./Middlewares/ST/STM32_USB_Device_Library/Core/Src/usbd_ctlreq.o
                0x0800807e                USBD_ParseSetupRequest
 .text.USBD_CtlError
                0x080080f0       0x22 ./Middlewares/ST/STM32_USB_Device_Library/Core/Src/usbd_ctlreq.o
                0x080080f0                USBD_CtlError
 .text.USBD_GetString
                0x08008112       0x84 ./Middlewares/ST/STM32_USB_Device_Library/Core/Src/usbd_ctlreq.o
                0x08008112                USBD_GetString
 .text.USBD_GetLen
                0x08008196       0x2e ./Middlewares/ST/STM32_USB_Device_Library/Core/Src/usbd_ctlreq.o
 .text.USBD_CtlSendData
                0x080081c4       0x38 ./Middlewares/ST/STM32_USB_Device_Library/Core/Src/usbd_ioreq.o
                0x080081c4                USBD_CtlSendData
 .text.USBD_CtlContinueSendData
                0x080081fc       0x24 ./Middlewares/ST/STM32_USB_Device_Library/Core/Src/usbd_ioreq.o
                0x080081fc                USBD_CtlContinueSendData
 .text.USBD_CtlPrepareRx
                0x08008220       0x3c ./Middlewares/ST/STM32_USB_Device_Library/Core/Src/usbd_ioreq.o
                0x08008220                USBD_CtlPrepareRx
 .text.USBD_CtlContinueRx
                0x0800825c       0x24 ./Middlewares/ST/STM32_USB_Device_Library/Core/Src/usbd_ioreq.o
                0x0800825c                USBD_CtlContinueRx
 .text.USBD_CtlSendStatus
                0x08008280       0x26 ./Middlewares/ST/STM32_USB_Device_Library/Core/Src/usbd_ioreq.o
                0x08008280                USBD_CtlSendStatus
 .text.USBD_CtlReceiveStatus
                0x080082a6       0x26 ./Middlewares/ST/STM32_USB_Device_Library/Core/Src/usbd_ioreq.o
                0x080082a6                USBD_CtlReceiveStatus
 .text.MX_USB_DEVICE_Init
                0x080082cc       0x60 ./USB_DEVICE/App/usb_device.o
                0x080082cc                MX_USB_DEVICE_Init
 .text.CDC_Init_FS
                0x0800832c       0x28 ./USB_DEVICE/App/usbd_cdc_if.o
 .text.CDC_DeInit_FS
                0x08008354        0xe ./USB_DEVICE/App/usbd_cdc_if.o
 *fill*         0x08008362        0x2 
 .text.CDC_Control_FS
                0x08008364       0xbc ./USB_DEVICE/App/usbd_cdc_if.o
 .text.CDC_Receive_FS
                0x08008420       0x5c ./USB_DEVICE/App/usbd_cdc_if.o
 .text.CDC_Transmit_FS
                0x0800847c       0x4c ./USB_DEVICE/App/usbd_cdc_if.o
                0x0800847c                CDC_Transmit_FS
 .text.USBD_FS_DeviceDescriptor
                0x080084c8       0x24 ./USB_DEVICE/App/usbd_desc.o
                0x080084c8                USBD_FS_DeviceDescriptor
 .text.USBD_FS_LangIDStrDescriptor
                0x080084ec       0x24 ./USB_DEVICE/App/usbd_desc.o
                0x080084ec                USBD_FS_LangIDStrDescriptor
 .text.USBD_FS_ProductStrDescriptor
                0x08008510       0x3c ./USB_DEVICE/App/usbd_desc.o
                0x08008510                USBD_FS_ProductStrDescriptor
 .text.USBD_FS_ManufacturerStrDescriptor
                0x0800854c       0x28 ./USB_DEVICE/App/usbd_desc.o
                0x0800854c                USBD_FS_ManufacturerStrDescriptor
 .text.USBD_FS_SerialStrDescriptor
                0x08008574       0x24 ./USB_DEVICE/App/usbd_desc.o
                0x08008574                USBD_FS_SerialStrDescriptor
 .text.USBD_FS_ConfigStrDescriptor
                0x08008598       0x3c ./USB_DEVICE/App/usbd_desc.o
                0x08008598                USBD_FS_ConfigStrDescriptor
 .text.USBD_FS_InterfaceStrDescriptor
                0x080085d4       0x3c ./USB_DEVICE/App/usbd_desc.o
                0x080085d4                USBD_FS_InterfaceStrDescriptor
 .text.Get_SerialNum
                0x08008610       0x58 ./USB_DEVICE/App/usbd_desc.o
 .text.IntToUnicode
                0x08008668       0x7c ./USB_DEVICE/App/usbd_desc.o
 .text.HAL_PCD_MspInit
                0x080086e4       0x4c ./USB_DEVICE/Target/usbd_conf.o
                0x080086e4                HAL_PCD_MspInit
 .text.HAL_PCD_SetupStageCallback
                0x08008730       0x24 ./USB_DEVICE/Target/usbd_conf.o
                0x08008730                HAL_PCD_SetupStageCallback
 .text.HAL_PCD_DataOutStageCallback
                0x08008754       0x36 ./USB_DEVICE/Target/usbd_conf.o
                0x08008754                HAL_PCD_DataOutStageCallback
 .text.HAL_PCD_DataInStageCallback
                0x0800878a       0x34 ./USB_DEVICE/Target/usbd_conf.o
                0x0800878a                HAL_PCD_DataInStageCallback
 .text.HAL_PCD_SOFCallback
                0x080087be       0x1c ./USB_DEVICE/Target/usbd_conf.o
                0x080087be                HAL_PCD_SOFCallback
 .text.HAL_PCD_ResetCallback
                0x080087da       0x3c ./USB_DEVICE/Target/usbd_conf.o
                0x080087da                HAL_PCD_ResetCallback
 *fill*         0x08008816        0x2 
 .text.HAL_PCD_SuspendCallback
                0x08008818       0x34 ./USB_DEVICE/Target/usbd_conf.o
                0x08008818                HAL_PCD_SuspendCallback
 .text.HAL_PCD_ResumeCallback
                0x0800884c       0x1c ./USB_DEVICE/Target/usbd_conf.o
                0x0800884c                HAL_PCD_ResumeCallback
 .text.USBD_LL_Init
                0x08008868       0xb4 ./USB_DEVICE/Target/usbd_conf.o
                0x08008868                USBD_LL_Init
 .text.USBD_LL_Start
                0x0800891c       0x36 ./USB_DEVICE/Target/usbd_conf.o
                0x0800891c                USBD_LL_Start
 .text.USBD_LL_OpenEP
                0x08008952       0x4c ./USB_DEVICE/Target/usbd_conf.o
                0x08008952                USBD_LL_OpenEP
 .text.USBD_LL_CloseEP
                0x0800899e       0x3e ./USB_DEVICE/Target/usbd_conf.o
                0x0800899e                USBD_LL_CloseEP
 .text.USBD_LL_StallEP
                0x080089dc       0x3e ./USB_DEVICE/Target/usbd_conf.o
                0x080089dc                USBD_LL_StallEP
 .text.USBD_LL_ClearStallEP
                0x08008a1a       0x3e ./USB_DEVICE/Target/usbd_conf.o
                0x08008a1a                USBD_LL_ClearStallEP
 .text.USBD_LL_IsStallEP
                0x08008a58       0x58 ./USB_DEVICE/Target/usbd_conf.o
                0x08008a58                USBD_LL_IsStallEP
 .text.USBD_LL_SetUSBAddress
                0x08008ab0       0x3e ./USB_DEVICE/Target/usbd_conf.o
                0x08008ab0                USBD_LL_SetUSBAddress
 .text.USBD_LL_Transmit
                0x08008aee       0x46 ./USB_DEVICE/Target/usbd_conf.o
                0x08008aee                USBD_LL_Transmit
 .text.USBD_LL_PrepareReceive
                0x08008b34       0x46 ./USB_DEVICE/Target/usbd_conf.o
                0x08008b34                USBD_LL_PrepareReceive
 .text.USBD_LL_GetRxDataSize
                0x08008b7a       0x26 ./USB_DEVICE/Target/usbd_conf.o
                0x08008b7a                USBD_LL_GetRxDataSize
 .text.USBD_static_malloc
                0x08008ba0       0x18 ./USB_DEVICE/Target/usbd_conf.o
                0x08008ba0                USBD_static_malloc
 .text.USBD_static_free
                0x08008bb8       0x12 ./USB_DEVICE/Target/usbd_conf.o
                0x08008bb8                USBD_static_free
 .text.HAL_PCDEx_SetConnectionState
                0x08008bca       0x16 ./USB_DEVICE/Target/usbd_conf.o
                0x08008bca                HAL_PCDEx_SetConnectionState
 .text.USBD_Get_USB_Status
                0x08008be0       0x58 ./USB_DEVICE/Target/usbd_conf.o
 .text.memset   0x08008c38       0x10 D:/Files/STM32CubeIDE_1.16.0/STM32CubeIDE/plugins/com.st.stm32cube.ide.mcu.externaltools.gnu-tools-for-stm32.12.3.rel1.win32_1.0.200.202406191623/tools/bin/../lib/gcc/arm-none-eabi/12.3.1/../../../../arm-none-eabi/lib/thumb/v7-m/nofp\libc_nano.a(libc_a-memset.o)
                0x08008c38                memset
 .text.__libc_init_array
                0x08008c48       0x48 D:/Files/STM32CubeIDE_1.16.0/STM32CubeIDE/plugins/com.st.stm32cube.ide.mcu.externaltools.gnu-tools-for-stm32.12.3.rel1.win32_1.0.200.202406191623/tools/bin/../lib/gcc/arm-none-eabi/12.3.1/../../../../arm-none-eabi/lib/thumb/v7-m/nofp\libc_nano.a(libc_a-init.o)
                0x08008c48                __libc_init_array
 .text.memcpy   0x08008c90       0x1c D:/Files/STM32CubeIDE_1.16.0/STM32CubeIDE/plugins/com.st.stm32cube.ide.mcu.externaltools.gnu-tools-for-stm32.12.3.rel1.win32_1.0.200.202406191623/tools/bin/../lib/gcc/arm-none-eabi/12.3.1/../../../../arm-none-eabi/lib/thumb/v7-m/nofp\libc_nano.a(libc_a-memcpy-stub.o)
                0x08008c90                memcpy
 *(.glue_7)
 .glue_7        0x08008cac        0x0 linker stubs
 *(.glue_7t)
 .glue_7t       0x08008cac        0x0 linker stubs
 *(.eh_frame)
 .eh_frame      0x08008cac        0x0 D:/Files/STM32CubeIDE_1.16.0/STM32CubeIDE/plugins/com.st.stm32cube.ide.mcu.externaltools.gnu-tools-for-stm32.12.3.rel1.win32_1.0.200.202406191623/tools/bin/../lib/gcc/arm-none-eabi/12.3.1/thumb/v7-m/nofp/crtbegin.o
 *(.init)
 .init          0x08008cac        0x4 D:/Files/STM32CubeIDE_1.16.0/STM32CubeIDE/plugins/com.st.stm32cube.ide.mcu.externaltools.gnu-tools-for-stm32.12.3.rel1.win32_1.0.200.202406191623/tools/bin/../lib/gcc/arm-none-eabi/12.3.1/thumb/v7-m/nofp/crti.o
                0x08008cac                _init
 .init          0x08008cb0        0x8 D:/Files/STM32CubeIDE_1.16.0/STM32CubeIDE/plugins/com.st.stm32cube.ide.mcu.externaltools.gnu-tools-for-stm32.12.3.rel1.win32_1.0.200.202406191623/tools/bin/../lib/gcc/arm-none-eabi/12.3.1/thumb/v7-m/nofp/crtn.o
 *(.fini)
 .fini          0x08008cb8        0x4 D:/Files/STM32CubeIDE_1.16.0/STM32CubeIDE/plugins/com.st.stm32cube.ide.mcu.externaltools.gnu-tools-for-stm32.12.3.rel1.win32_1.0.200.202406191623/tools/bin/../lib/gcc/arm-none-eabi/12.3.1/thumb/v7-m/nofp/crti.o
                0x08008cb8                _fini
 .fini          0x08008cbc        0x8 D:/Files/STM32CubeIDE_1.16.0/STM32CubeIDE/plugins/com.st.stm32cube.ide.mcu.externaltools.gnu-tools-for-stm32.12.3.rel1.win32_1.0.200.202406191623/tools/bin/../lib/gcc/arm-none-eabi/12.3.1/thumb/v7-m/nofp/crtn.o
                0x08008cc4                        . = ALIGN (0x4)
                0x08008cc4                        _etext = .

.vfp11_veneer   0x08008cc4        0x0
 .vfp11_veneer  0x08008cc4        0x0 linker stubs

.v4_bx          0x08008cc4        0x0
 .v4_bx         0x08008cc4        0x0 linker stubs

.iplt           0x08008cc4        0x0
 .iplt          0x08008cc4        0x0 D:/Files/STM32CubeIDE_1.16.0/STM32CubeIDE/plugins/com.st.stm32cube.ide.mcu.externaltools.gnu-tools-for-stm32.12.3.rel1.win32_1.0.200.202406191623/tools/bin/../lib/gcc/arm-none-eabi/12.3.1/thumb/v7-m/nofp/crtbegin.o

.rodata         0x08008cc4       0x6c
                0x08008cc4                        . = ALIGN (0x4)
 *(.rodata)
 .rodata        0x08008cc4       0x46 ./USB_DEVICE/App/usbd_desc.o
 *(.rodata*)
 *fill*         0x08008d0a        0x2 
 .rodata.AHBPrescTable
                0x08008d0c       0x10 ./Core/Src/system_stm32f1xx.o
                0x08008d0c                AHBPrescTable
 .rodata.aPLLMULFactorTable.1
                0x08008d1c       0x10 ./Drivers/STM32F1xx_HAL_Driver/Src/stm32f1xx_hal_rcc.o
 .rodata.aPredivFactorTable.0
                0x08008d2c        0x2 ./Drivers/STM32F1xx_HAL_Driver/Src/stm32f1xx_hal_rcc.o
                0x08008d30                        . = ALIGN (0x4)
 *fill*         0x08008d2e        0x2 

.ARM.extab      0x08008d30        0x0
                0x08008d30                        . = ALIGN (0x4)
 *(.ARM.extab* .gnu.linkonce.armextab.*)
                0x08008d30                        . = ALIGN (0x4)

.ARM            0x08008d30        0x0
                0x08008d30                        . = ALIGN (0x4)
                0x08008d30                        __exidx_start = .
 *(.ARM.exidx*)
                0x08008d30                        __exidx_end = .
                0x08008d30                        . = ALIGN (0x4)

.preinit_array  0x08008d30        0x0
                0x08008d30                        . = ALIGN (0x4)
                0x08008d30                        PROVIDE (__preinit_array_start = .)
 *(.preinit_array*)
                0x08008d30                        PROVIDE (__preinit_array_end = .)
                0x08008d30                        . = ALIGN (0x4)

.init_array     0x08008d30        0x4
                0x08008d30                        . = ALIGN (0x4)
                0x08008d30                        PROVIDE (__init_array_start = .)
 *(SORT_BY_NAME(.init_array.*))
 *(.init_array*)
 .init_array    0x08008d30        0x4 D:/Files/STM32CubeIDE_1.16.0/STM32CubeIDE/plugins/com.st.stm32cube.ide.mcu.externaltools.gnu-tools-for-stm32.12.3.rel1.win32_1.0.200.202406191623/tools/bin/../lib/gcc/arm-none-eabi/12.3.1/thumb/v7-m/nofp/crtbegin.o
                0x08008d34                        PROVIDE (__init_array_end = .)
                0x08008d34                        . = ALIGN (0x4)

.fini_array     0x08008d34        0x4
                0x08008d34                        . = ALIGN (0x4)
                [!provide]                        PROVIDE (__fini_array_start = .)
 *(SORT_BY_NAME(.fini_array.*))
 *(.fini_array*)
 .fini_array    0x08008d34        0x4 D:/Files/STM32CubeIDE_1.16.0/STM32CubeIDE/plugins/com.st.stm32cube.ide.mcu.externaltools.gnu-tools-for-stm32.12.3.rel1.win32_1.0.200.202406191623/tools/bin/../lib/gcc/arm-none-eabi/12.3.1/thumb/v7-m/nofp/crtbegin.o
                [!provide]                        PROVIDE (__fini_array_end = .)
                0x08008d38                        . = ALIGN (0x4)
                0x08008d38                        _sidata = LOADADDR (.data)

.rel.dyn        0x08008d38        0x0
 .rel.iplt      0x08008d38        0x0 D:/Files/STM32CubeIDE_1.16.0/STM32CubeIDE/plugins/com.st.stm32cube.ide.mcu.externaltools.gnu-tools-for-stm32.12.3.rel1.win32_1.0.200.202406191623/tools/bin/../lib/gcc/arm-none-eabi/12.3.1/thumb/v7-m/nofp/crtbegin.o

.data           0x20000000      0x184 load address 0x08008d38
                0x20000000                        . = ALIGN (0x4)
                0x20000000                        _sdata = .
 *(.data)
 *(.data*)
 .data.speed    0x20000000        0x2 ./Core/Src/main.o
                0x20000000                speed
 *fill*         0x20000002        0x2 
 .data.timeRotation
                0x20000004        0x4 ./Core/Src/main.o
                0x20000004                timeRotation
 .data.SystemCoreClock
                0x20000008        0x4 ./Core/Src/system_stm32f1xx.o
                0x20000008                SystemCoreClock
 .data.uwTickPrio
                0x2000000c        0x4 ./Drivers/STM32F1xx_HAL_Driver/Src/stm32f1xx_hal.o
                0x2000000c                uwTickPrio
 .data.uwTickFreq
                0x20000010        0x1 ./Drivers/STM32F1xx_HAL_Driver/Src/stm32f1xx_hal.o
                0x20000010                uwTickFreq
 *fill*         0x20000011        0x3 
 .data.USBD_CDC_DeviceQualifierDesc
                0x20000014        0xa ./Middlewares/ST/STM32_USB_Device_Library/Class/CDC/Src/usbd_cdc.o
 *fill*         0x2000001e        0x2 
 .data.USBD_CDC
                0x20000020       0x38 ./Middlewares/ST/STM32_USB_Device_Library/Class/CDC/Src/usbd_cdc.o
                0x20000020                USBD_CDC
 .data.USBD_CDC_CfgHSDesc
                0x20000058       0x43 ./Middlewares/ST/STM32_USB_Device_Library/Class/CDC/Src/usbd_cdc.o
                0x20000058                USBD_CDC_CfgHSDesc
 *fill*         0x2000009b        0x1 
 .data.USBD_CDC_CfgFSDesc
                0x2000009c       0x43 ./Middlewares/ST/STM32_USB_Device_Library/Class/CDC/Src/usbd_cdc.o
                0x2000009c                USBD_CDC_CfgFSDesc
 *fill*         0x200000df        0x1 
 .data.USBD_CDC_OtherSpeedCfgDesc
                0x200000e0       0x43 ./Middlewares/ST/STM32_USB_Device_Library/Class/CDC/Src/usbd_cdc.o
                0x200000e0                USBD_CDC_OtherSpeedCfgDesc
 *fill*         0x20000123        0x1 
 .data.USBD_Interface_fops_FS
                0x20000124       0x10 ./USB_DEVICE/App/usbd_cdc_if.o
                0x20000124                USBD_Interface_fops_FS
 .data.FS_Desc  0x20000134       0x1c ./USB_DEVICE/App/usbd_desc.o
                0x20000134                FS_Desc
 .data.USBD_FS_DeviceDesc
                0x20000150       0x12 ./USB_DEVICE/App/usbd_desc.o
                0x20000150                USBD_FS_DeviceDesc
 *fill*         0x20000162        0x2 
 .data.USBD_LangIDDesc
                0x20000164        0x4 ./USB_DEVICE/App/usbd_desc.o
                0x20000164                USBD_LangIDDesc
 .data.USBD_StringSerial
                0x20000168       0x1a ./USB_DEVICE/App/usbd_desc.o
                0x20000168                USBD_StringSerial
 *(.RamFunc)
 *(.RamFunc*)
                0x20000184                        . = ALIGN (0x4)
 *fill*         0x20000182        0x2 
                0x20000184                        _edata = .

.igot.plt       0x20000184        0x0 load address 0x08008ebc
 .igot.plt      0x20000184        0x0 D:/Files/STM32CubeIDE_1.16.0/STM32CubeIDE/plugins/com.st.stm32cube.ide.mcu.externaltools.gnu-tools-for-stm32.12.3.rel1.win32_1.0.200.202406191623/tools/bin/../lib/gcc/arm-none-eabi/12.3.1/thumb/v7-m/nofp/crtbegin.o
                0x20000184                        . = ALIGN (0x4)

.bss            0x20000184     0x128c load address 0x08008ebc
                0x20000184                        _sbss = .
                0x20000184                        __bss_start__ = _sbss
 *(.bss)
 .bss           0x20000184       0x1c D:/Files/STM32CubeIDE_1.16.0/STM32CubeIDE/plugins/com.st.stm32cube.ide.mcu.externaltools.gnu-tools-for-stm32.12.3.rel1.win32_1.0.200.202406191623/tools/bin/../lib/gcc/arm-none-eabi/12.3.1/thumb/v7-m/nofp/crtbegin.o
 *(.bss*)
 .bss.htim2     0x200001a0       0x48 ./Core/Src/main.o
                0x200001a0                htim2
 .bss.receivedDataBuf
                0x200001e8       0x40 ./Core/Src/main.o
                0x200001e8                receivedDataBuf
 .bss.receiveDataFlag
                0x20000228        0x1 ./Core/Src/main.o
                0x20000228                receiveDataFlag
 .bss.motorStopFlag
                0x20000229        0x1 ./Core/Src/main.o
                0x20000229                motorStopFlag
 *fill*         0x2000022a        0x2 
 .bss.stepsRemaining
                0x2000022c        0x4 ./Core/Src/main.o
                0x2000022c                stepsRemaining
 .bss.infiniteRotationFlag
                0x20000230        0x1 ./Core/Src/main.o
                0x20000230                infiniteRotationFlag
 .bss.timeRotationFlag
                0x20000231        0x1 ./Core/Src/main.o
                0x20000231                timeRotationFlag
 *fill*         0x20000232        0x2 
 .bss.uwTick    0x20000234        0x4 ./Drivers/STM32F1xx_HAL_Driver/Src/stm32f1xx_hal.o
                0x20000234                uwTick
 .bss.cfgidx.0  0x20000238        0x1 ./Middlewares/ST/STM32_USB_Device_Library/Core/Src/usbd_ctlreq.o
 *fill*         0x20000239        0x3 
 .bss.hUsbDeviceFS
                0x2000023c      0x2c4 ./USB_DEVICE/App/usb_device.o
                0x2000023c                hUsbDeviceFS
 .bss.UserRxBufferFS
                0x20000500      0x400 ./USB_DEVICE/App/usbd_cdc_if.o
                0x20000500                UserRxBufferFS
 .bss.UserTxBufferFS
                0x20000900      0x400 ./USB_DEVICE/App/usbd_cdc_if.o
                0x20000900                UserTxBufferFS
 .bss.USBD_StrDesc
                0x20000d00      0x200 ./USB_DEVICE/App/usbd_desc.o
                0x20000d00                USBD_StrDesc
 .bss.hpcd_USB_FS
                0x20000f00      0x2f0 ./USB_DEVICE/Target/usbd_conf.o
                0x20000f00                hpcd_USB_FS
 .bss.mem.0     0x200011f0      0x220 ./USB_DEVICE/Target/usbd_conf.o
 *(COMMON)
                0x20001410                        . = ALIGN (0x4)
                0x20001410                        _ebss = .
                0x20001410                        __bss_end__ = _ebss

._user_heap_stack
                0x20001410      0x600 load address 0x08008ebc
                0x20001410                        . = ALIGN (0x8)
                [!provide]                        PROVIDE (end = .)
                0x20001410                        PROVIDE (_end = .)
                0x20001610                        . = (. + _Min_Heap_Size)
 *fill*         0x20001410      0x200 
                0x20001a10                        . = (. + _Min_Stack_Size)
 *fill*         0x20001610      0x400 
                0x20001a10                        . = ALIGN (0x8)

/DISCARD/
 libc.a(*)
 libm.a(*)
 libgcc.a(*)

.ARM.attributes
                0x00000000       0x29
 *(.ARM.attributes)
 .ARM.attributes
                0x00000000       0x1d D:/Files/STM32CubeIDE_1.16.0/STM32CubeIDE/plugins/com.st.stm32cube.ide.mcu.externaltools.gnu-tools-for-stm32.12.3.rel1.win32_1.0.200.202406191623/tools/bin/../lib/gcc/arm-none-eabi/12.3.1/thumb/v7-m/nofp/crti.o
 .ARM.attributes
                0x0000001d       0x2d D:/Files/STM32CubeIDE_1.16.0/STM32CubeIDE/plugins/com.st.stm32cube.ide.mcu.externaltools.gnu-tools-for-stm32.12.3.rel1.win32_1.0.200.202406191623/tools/bin/../lib/gcc/arm-none-eabi/12.3.1/thumb/v7-m/nofp/crtbegin.o
 .ARM.attributes
                0x0000004a       0x2d ./Core/Src/main.o
 .ARM.attributes
                0x00000077       0x2d ./Core/Src/stm32f1xx_hal_msp.o
 .ARM.attributes
                0x000000a4       0x2d ./Core/Src/stm32f1xx_it.o
 .ARM.attributes
                0x000000d1       0x2d ./Core/Src/system_stm32f1xx.o
 .ARM.attributes
                0x000000fe       0x21 ./Core/Startup/startup_stm32f103c8tx.o
 .ARM.attributes
                0x0000011f       0x2d ./Drivers/STM32F1xx_HAL_Driver/Src/stm32f1xx_hal.o
 .ARM.attributes
                0x0000014c       0x2d ./Drivers/STM32F1xx_HAL_Driver/Src/stm32f1xx_hal_cortex.o
 .ARM.attributes
                0x00000179       0x2d ./Drivers/STM32F1xx_HAL_Driver/Src/stm32f1xx_hal_gpio.o
 .ARM.attributes
                0x000001a6       0x2d ./Drivers/STM32F1xx_HAL_Driver/Src/stm32f1xx_hal_pcd.o
 .ARM.attributes
                0x000001d3       0x2d ./Drivers/STM32F1xx_HAL_Driver/Src/stm32f1xx_hal_pcd_ex.o
 .ARM.attributes
                0x00000200       0x2d ./Drivers/STM32F1xx_HAL_Driver/Src/stm32f1xx_hal_rcc.o
 .ARM.attributes
                0x0000022d       0x2d ./Drivers/STM32F1xx_HAL_Driver/Src/stm32f1xx_hal_rcc_ex.o
 .ARM.attributes
                0x0000025a       0x2d ./Drivers/STM32F1xx_HAL_Driver/Src/stm32f1xx_hal_tim.o
 .ARM.attributes
                0x00000287       0x2d ./Drivers/STM32F1xx_HAL_Driver/Src/stm32f1xx_hal_tim_ex.o
 .ARM.attributes
                0x000002b4       0x2d ./Drivers/STM32F1xx_HAL_Driver/Src/stm32f1xx_ll_usb.o
 .ARM.attributes
                0x000002e1       0x2d ./Middlewares/ST/STM32_USB_Device_Library/Class/CDC/Src/usbd_cdc.o
 .ARM.attributes
                0x0000030e       0x2d ./Middlewares/ST/STM32_USB_Device_Library/Core/Src/usbd_core.o
 .ARM.attributes
                0x0000033b       0x2d ./Middlewares/ST/STM32_USB_Device_Library/Core/Src/usbd_ctlreq.o
 .ARM.attributes
                0x00000368       0x2d ./Middlewares/ST/STM32_USB_Device_Library/Core/Src/usbd_ioreq.o
 .ARM.attributes
                0x00000395       0x2d ./USB_DEVICE/App/usb_device.o
 .ARM.attributes
                0x000003c2       0x2d ./USB_DEVICE/App/usbd_cdc_if.o
 .ARM.attributes
                0x000003ef       0x2d ./USB_DEVICE/App/usbd_desc.o
 .ARM.attributes
                0x0000041c       0x2d ./USB_DEVICE/Target/usbd_conf.o
 .ARM.attributes
                0x00000449       0x2d D:/Files/STM32CubeIDE_1.16.0/STM32CubeIDE/plugins/com.st.stm32cube.ide.mcu.externaltools.gnu-tools-for-stm32.12.3.rel1.win32_1.0.200.202406191623/tools/bin/../lib/gcc/arm-none-eabi/12.3.1/../../../../arm-none-eabi/lib/thumb/v7-m/nofp\libc_nano.a(libc_a-memset.o)
 .ARM.attributes
                0x00000476       0x2d D:/Files/STM32CubeIDE_1.16.0/STM32CubeIDE/plugins/com.st.stm32cube.ide.mcu.externaltools.gnu-tools-for-stm32.12.3.rel1.win32_1.0.200.202406191623/tools/bin/../lib/gcc/arm-none-eabi/12.3.1/../../../../arm-none-eabi/lib/thumb/v7-m/nofp\libc_nano.a(libc_a-init.o)
 .ARM.attributes
                0x000004a3       0x2d D:/Files/STM32CubeIDE_1.16.0/STM32CubeIDE/plugins/com.st.stm32cube.ide.mcu.externaltools.gnu-tools-for-stm32.12.3.rel1.win32_1.0.200.202406191623/tools/bin/../lib/gcc/arm-none-eabi/12.3.1/../../../../arm-none-eabi/lib/thumb/v7-m/nofp\libc_nano.a(libc_a-memcpy-stub.o)
 .ARM.attributes
                0x000004d0       0x1d D:/Files/STM32CubeIDE_1.16.0/STM32CubeIDE/plugins/com.st.stm32cube.ide.mcu.externaltools.gnu-tools-for-stm32.12.3.rel1.win32_1.0.200.202406191623/tools/bin/../lib/gcc/arm-none-eabi/12.3.1/thumb/v7-m/nofp\libgcc.a(_arm_mulsf3.o)
 .ARM.attributes
                0x000004ed       0x1d D:/Files/STM32CubeIDE_1.16.0/STM32CubeIDE/plugins/com.st.stm32cube.ide.mcu.externaltools.gnu-tools-for-stm32.12.3.rel1.win32_1.0.200.202406191623/tools/bin/../lib/gcc/arm-none-eabi/12.3.1/thumb/v7-m/nofp\libgcc.a(_arm_addsubsf3.o)
 .ARM.attributes
                0x0000050a       0x1d D:/Files/STM32CubeIDE_1.16.0/STM32CubeIDE/plugins/com.st.stm32cube.ide.mcu.externaltools.gnu-tools-for-stm32.12.3.rel1.win32_1.0.200.202406191623/tools/bin/../lib/gcc/arm-none-eabi/12.3.1/thumb/v7-m/nofp\libgcc.a(_arm_cmpsf2.o)
 .ARM.attributes
                0x00000527       0x1d D:/Files/STM32CubeIDE_1.16.0/STM32CubeIDE/plugins/com.st.stm32cube.ide.mcu.externaltools.gnu-tools-for-stm32.12.3.rel1.win32_1.0.200.202406191623/tools/bin/../lib/gcc/arm-none-eabi/12.3.1/thumb/v7-m/nofp/crtn.o
OUTPUT(motor_driver.elf elf32-littlearm)
LOAD linker stubs
LOAD D:/Files/STM32CubeIDE_1.16.0/STM32CubeIDE/plugins/com.st.stm32cube.ide.mcu.externaltools.gnu-tools-for-stm32.12.3.rel1.win32_1.0.200.202406191623/tools/bin/../lib/gcc/arm-none-eabi/12.3.1/../../../../arm-none-eabi/lib/thumb/v7-m/nofp\libc.a
LOAD D:/Files/STM32CubeIDE_1.16.0/STM32CubeIDE/plugins/com.st.stm32cube.ide.mcu.externaltools.gnu-tools-for-stm32.12.3.rel1.win32_1.0.200.202406191623/tools/bin/../lib/gcc/arm-none-eabi/12.3.1/../../../../arm-none-eabi/lib/thumb/v7-m/nofp\libm.a
LOAD D:/Files/STM32CubeIDE_1.16.0/STM32CubeIDE/plugins/com.st.stm32cube.ide.mcu.externaltools.gnu-tools-for-stm32.12.3.rel1.win32_1.0.200.202406191623/tools/bin/../lib/gcc/arm-none-eabi/12.3.1/thumb/v7-m/nofp\libgcc.a

.debug_info     0x00000000    0x11219
 .debug_info    0x00000000      0xe80 ./Core/Src/main.o
 .debug_info    0x00000e80      0xa72 ./Core/Src/stm32f1xx_hal_msp.o
 .debug_info    0x000018f2      0xb6d ./Core/Src/stm32f1xx_it.o
 .debug_info    0x0000245f      0x222 ./Core/Src/system_stm32f1xx.o
 .debug_info    0x00002681       0x30 ./Core/Startup/startup_stm32f103c8tx.o
 .debug_info    0x000026b1      0x704 ./Drivers/STM32F1xx_HAL_Driver/Src/stm32f1xx_hal.o
 .debug_info    0x00002db5      0xa87 ./Drivers/STM32F1xx_HAL_Driver/Src/stm32f1xx_hal_cortex.o
 .debug_info    0x0000383c      0x5ab ./Drivers/STM32F1xx_HAL_Driver/Src/stm32f1xx_hal_gpio.o
 .debug_info    0x00003de7     0x16cf ./Drivers/STM32F1xx_HAL_Driver/Src/stm32f1xx_hal_pcd.o
 .debug_info    0x000054b6      0x6b6 ./Drivers/STM32F1xx_HAL_Driver/Src/stm32f1xx_hal_pcd_ex.o
 .debug_info    0x00005b6c      0x7d5 ./Drivers/STM32F1xx_HAL_Driver/Src/stm32f1xx_hal_rcc.o
 .debug_info    0x00006341      0x3c0 ./Drivers/STM32F1xx_HAL_Driver/Src/stm32f1xx_hal_rcc_ex.o
 .debug_info    0x00006701     0x293b ./Drivers/STM32F1xx_HAL_Driver/Src/stm32f1xx_hal_tim.o
 .debug_info    0x0000903c     0x149b ./Drivers/STM32F1xx_HAL_Driver/Src/stm32f1xx_hal_tim_ex.o
 .debug_info    0x0000a4d7     0x17a2 ./Drivers/STM32F1xx_HAL_Driver/Src/stm32f1xx_ll_usb.o
 .debug_info    0x0000bc79     0x1036 ./Middlewares/ST/STM32_USB_Device_Library/Class/CDC/Src/usbd_cdc.o
 .debug_info    0x0000ccaf      0xa52 ./Middlewares/ST/STM32_USB_Device_Library/Core/Src/usbd_core.o
 .debug_info    0x0000d701      0x91c ./Middlewares/ST/STM32_USB_Device_Library/Core/Src/usbd_ctlreq.o
 .debug_info    0x0000e01d      0x6a0 ./Middlewares/ST/STM32_USB_Device_Library/Core/Src/usbd_ioreq.o
 .debug_info    0x0000e6bd      0x63d ./USB_DEVICE/App/usb_device.o
 .debug_info    0x0000ecfa      0x87e ./USB_DEVICE/App/usbd_cdc_if.o
 .debug_info    0x0000f578      0x44a ./USB_DEVICE/App/usbd_desc.o
 .debug_info    0x0000f9c2     0x1857 ./USB_DEVICE/Target/usbd_conf.o

.debug_abbrev   0x00000000     0x3064
 .debug_abbrev  0x00000000      0x307 ./Core/Src/main.o
 .debug_abbrev  0x00000307      0x1d3 ./Core/Src/stm32f1xx_hal_msp.o
 .debug_abbrev  0x000004da      0x1c6 ./Core/Src/stm32f1xx_it.o
 .debug_abbrev  0x000006a0      0x13f ./Core/Src/system_stm32f1xx.o
 .debug_abbrev  0x000007df       0x24 ./Core/Startup/startup_stm32f103c8tx.o
 .debug_abbrev  0x00000803      0x201 ./Drivers/STM32F1xx_HAL_Driver/Src/stm32f1xx_hal.o
 .debug_abbrev  0x00000a04      0x2f8 ./Drivers/STM32F1xx_HAL_Driver/Src/stm32f1xx_hal_cortex.o
 .debug_abbrev  0x00000cfc      0x1ca ./Drivers/STM32F1xx_HAL_Driver/Src/stm32f1xx_hal_gpio.o
 .debug_abbrev  0x00000ec6      0x2d6 ./Drivers/STM32F1xx_HAL_Driver/Src/stm32f1xx_hal_pcd.o
 .debug_abbrev  0x0000119c      0x189 ./Drivers/STM32F1xx_HAL_Driver/Src/stm32f1xx_hal_pcd_ex.o
 .debug_abbrev  0x00001325      0x2b3 ./Drivers/STM32F1xx_HAL_Driver/Src/stm32f1xx_hal_rcc.o
 .debug_abbrev  0x000015d8      0x188 ./Drivers/STM32F1xx_HAL_Driver/Src/stm32f1xx_hal_rcc_ex.o
 .debug_abbrev  0x00001760      0x277 ./Drivers/STM32F1xx_HAL_Driver/Src/stm32f1xx_hal_tim.o
 .debug_abbrev  0x000019d7      0x282 ./Drivers/STM32F1xx_HAL_Driver/Src/stm32f1xx_hal_tim_ex.o
 .debug_abbrev  0x00001c59      0x1de ./Drivers/STM32F1xx_HAL_Driver/Src/stm32f1xx_ll_usb.o
 .debug_abbrev  0x00001e37      0x2d3 ./Middlewares/ST/STM32_USB_Device_Library/Class/CDC/Src/usbd_cdc.o
 .debug_abbrev  0x0000210a      0x24a ./Middlewares/ST/STM32_USB_Device_Library/Core/Src/usbd_core.o
 .debug_abbrev  0x00002354      0x26b ./Middlewares/ST/STM32_USB_Device_Library/Core/Src/usbd_ctlreq.o
 .debug_abbrev  0x000025bf      0x192 ./Middlewares/ST/STM32_USB_Device_Library/Core/Src/usbd_ioreq.o
 .debug_abbrev  0x00002751      0x18d ./USB_DEVICE/App/usb_device.o
 .debug_abbrev  0x000028de      0x271 ./USB_DEVICE/App/usbd_cdc_if.o
 .debug_abbrev  0x00002b4f      0x1ff ./USB_DEVICE/App/usbd_desc.o
 .debug_abbrev  0x00002d4e      0x316 ./USB_DEVICE/Target/usbd_conf.o

.debug_aranges  0x00000000     0x1010
 .debug_aranges
                0x00000000       0x80 ./Core/Src/main.o
 .debug_aranges
                0x00000080       0x38 ./Core/Src/stm32f1xx_hal_msp.o
 .debug_aranges
                0x000000b8       0x70 ./Core/Src/stm32f1xx_it.o
 .debug_aranges
                0x00000128       0x28 ./Core/Src/system_stm32f1xx.o
 .debug_aranges
                0x00000150       0x28 ./Core/Startup/startup_stm32f103c8tx.o
 .debug_aranges
                0x00000178       0xe0 ./Drivers/STM32F1xx_HAL_Driver/Src/stm32f1xx_hal.o
 .debug_aranges
                0x00000258      0x100 ./Drivers/STM32F1xx_HAL_Driver/Src/stm32f1xx_hal_cortex.o
 .debug_aranges
                0x00000358       0x58 ./Drivers/STM32F1xx_HAL_Driver/Src/stm32f1xx_hal_gpio.o
 .debug_aranges
                0x000003b0      0x140 ./Drivers/STM32F1xx_HAL_Driver/Src/stm32f1xx_hal_pcd.o
 .debug_aranges
                0x000004f0       0x38 ./Drivers/STM32F1xx_HAL_Driver/Src/stm32f1xx_hal_pcd_ex.o
 .debug_aranges
                0x00000528       0x90 ./Drivers/STM32F1xx_HAL_Driver/Src/stm32f1xx_hal_rcc.o
 .debug_aranges
                0x000005b8       0x30 ./Drivers/STM32F1xx_HAL_Driver/Src/stm32f1xx_hal_rcc_ex.o
 .debug_aranges
                0x000005e8      0x3d0 ./Drivers/STM32F1xx_HAL_Driver/Src/stm32f1xx_hal_tim.o
 .debug_aranges
                0x000009b8      0x168 ./Drivers/STM32F1xx_HAL_Driver/Src/stm32f1xx_hal_tim_ex.o
 .debug_aranges
                0x00000b20       0xf8 ./Drivers/STM32F1xx_HAL_Driver/Src/stm32f1xx_ll_usb.o
 .debug_aranges
                0x00000c18       0x90 ./Middlewares/ST/STM32_USB_Device_Library/Class/CDC/Src/usbd_cdc.o
 .debug_aranges
                0x00000ca8       0xb8 ./Middlewares/ST/STM32_USB_Device_Library/Core/Src/usbd_core.o
 .debug_aranges
                0x00000d60       0x88 ./Middlewares/ST/STM32_USB_Device_Library/Core/Src/usbd_ctlreq.o
 .debug_aranges
                0x00000de8       0x50 ./Middlewares/ST/STM32_USB_Device_Library/Core/Src/usbd_ioreq.o
 .debug_aranges
                0x00000e38       0x20 ./USB_DEVICE/App/usb_device.o
 .debug_aranges
                0x00000e58       0x40 ./USB_DEVICE/App/usbd_cdc_if.o
 .debug_aranges
                0x00000e98       0x60 ./USB_DEVICE/App/usbd_desc.o
 .debug_aranges
                0x00000ef8      0x118 ./USB_DEVICE/Target/usbd_conf.o

.debug_rnglists
                0x00000000      0xc2b
 .debug_rnglists
                0x00000000       0x62 ./Core/Src/main.o
 .debug_rnglists
                0x00000062       0x25 ./Core/Src/stm32f1xx_hal_msp.o
 .debug_rnglists
                0x00000087       0x4f ./Core/Src/stm32f1xx_it.o
 .debug_rnglists
                0x000000d6       0x1a ./Core/Src/system_stm32f1xx.o
 .debug_rnglists
                0x000000f0       0x19 ./Core/Startup/startup_stm32f103c8tx.o
 .debug_rnglists
                0x00000109       0xa3 ./Drivers/STM32F1xx_HAL_Driver/Src/stm32f1xx_hal.o
 .debug_rnglists
                0x000001ac       0xbb ./Drivers/STM32F1xx_HAL_Driver/Src/stm32f1xx_hal_cortex.o
 .debug_rnglists
                0x00000267       0x3f ./Drivers/STM32F1xx_HAL_Driver/Src/stm32f1xx_hal_gpio.o
 .debug_rnglists
                0x000002a6       0xf4 ./Drivers/STM32F1xx_HAL_Driver/Src/stm32f1xx_hal_pcd.o
 .debug_rnglists
                0x0000039a       0x26 ./Drivers/STM32F1xx_HAL_Driver/Src/stm32f1xx_hal_pcd_ex.o
 .debug_rnglists
                0x000003c0       0x6c ./Drivers/STM32F1xx_HAL_Driver/Src/stm32f1xx_hal_rcc.o
 .debug_rnglists
                0x0000042c       0x21 ./Drivers/STM32F1xx_HAL_Driver/Src/stm32f1xx_hal_rcc_ex.o
 .debug_rnglists
                0x0000044d      0x31a ./Drivers/STM32F1xx_HAL_Driver/Src/stm32f1xx_hal_tim.o
 .debug_rnglists
                0x00000767      0x125 ./Drivers/STM32F1xx_HAL_Driver/Src/stm32f1xx_hal_tim_ex.o
 .debug_rnglists
                0x0000088c       0xbd ./Drivers/STM32F1xx_HAL_Driver/Src/stm32f1xx_ll_usb.o
 .debug_rnglists
                0x00000949       0x6a ./Middlewares/ST/STM32_USB_Device_Library/Class/CDC/Src/usbd_cdc.o
 .debug_rnglists
                0x000009b3       0x89 ./Middlewares/ST/STM32_USB_Device_Library/Core/Src/usbd_core.o
 .debug_rnglists
                0x00000a3c       0x68 ./Middlewares/ST/STM32_USB_Device_Library/Core/Src/usbd_ctlreq.o
 .debug_rnglists
                0x00000aa4       0x37 ./Middlewares/ST/STM32_USB_Device_Library/Core/Src/usbd_ioreq.o
 .debug_rnglists
                0x00000adb       0x13 ./USB_DEVICE/App/usb_device.o
 .debug_rnglists
                0x00000aee       0x2c ./USB_DEVICE/App/usbd_cdc_if.o
 .debug_rnglists
                0x00000b1a       0x43 ./USB_DEVICE/App/usbd_desc.o
 .debug_rnglists
                0x00000b5d       0xce ./USB_DEVICE/Target/usbd_conf.o

.debug_macro    0x00000000    0x19ee6
 .debug_macro   0x00000000      0x37a ./Core/Src/main.o
 .debug_macro   0x0000037a      0xaa8 ./Core/Src/main.o
 .debug_macro   0x00000e22      0x21b ./Core/Src/main.o
 .debug_macro   0x0000103d       0x2e ./Core/Src/main.o
 .debug_macro   0x0000106b       0x22 ./Core/Src/main.o
 .debug_macro   0x0000108d       0x22 ./Core/Src/main.o
 .debug_macro   0x000010af       0x8e ./Core/Src/main.o
 .debug_macro   0x0000113d       0x51 ./Core/Src/main.o
 .debug_macro   0x0000118e      0x103 ./Core/Src/main.o
 .debug_macro   0x00001291       0x6a ./Core/Src/main.o
 .debug_macro   0x000012fb      0x1df ./Core/Src/main.o
 .debug_macro   0x000014da       0x1c ./Core/Src/main.o
 .debug_macro   0x000014f6       0x22 ./Core/Src/main.o
 .debug_macro   0x00001518       0xbd ./Core/Src/main.o
 .debug_macro   0x000015d5      0xd23 ./Core/Src/main.o
 .debug_macro   0x000022f8     0xe09e ./Core/Src/main.o
 .debug_macro   0x00010396       0x6d ./Core/Src/main.o
 .debug_macro   0x00010403     0x348d ./Core/Src/main.o
 .debug_macro   0x00013890      0x189 ./Core/Src/main.o
 .debug_macro   0x00013a19       0x5c ./Core/Src/main.o
 .debug_macro   0x00013a75      0x5bc ./Core/Src/main.o
 .debug_macro   0x00014031      0x289 ./Core/Src/main.o
 .debug_macro   0x000142ba      0x1cb ./Core/Src/main.o
 .debug_macro   0x00014485      0x114 ./Core/Src/main.o
 .debug_macro   0x00014599      0x1b2 ./Core/Src/main.o
 .debug_macro   0x0001474b       0x27 ./Core/Src/main.o
 .debug_macro   0x00014772      0x136 ./Core/Src/main.o
 .debug_macro   0x000148a8      0x1bc ./Core/Src/main.o
 .debug_macro   0x00014a64       0x34 ./Core/Src/main.o
 .debug_macro   0x00014a98       0x3c ./Core/Src/main.o
 .debug_macro   0x00014ad4       0x57 ./Core/Src/main.o
 .debug_macro   0x00014b2b       0x87 ./Core/Src/main.o
 .debug_macro   0x00014bb2      0x240 ./Core/Src/main.o
 .debug_macro   0x00014df2      0x140 ./Core/Src/main.o
 .debug_macro   0x00014f32      0x8ed ./Core/Src/main.o
 .debug_macro   0x0001581f       0xab ./Core/Src/main.o
 .debug_macro   0x000158ca      0x242 ./Core/Src/main.o
 .debug_macro   0x00015b0c       0x83 ./Core/Src/main.o
 .debug_macro   0x00015b8f       0x1c ./Core/Src/main.o
 .debug_macro   0x00015bab       0x61 ./Core/Src/main.o
 .debug_macro   0x00015c0c       0x24 ./Core/Src/main.o
 .debug_macro   0x00015c30       0x43 ./Core/Src/main.o
 .debug_macro   0x00015c73       0x34 ./Core/Src/main.o
 .debug_macro   0x00015ca7       0x16 ./Core/Src/main.o
 .debug_macro   0x00015cbd       0x35 ./Core/Src/main.o
 .debug_macro   0x00015cf2      0x369 ./Core/Src/main.o
 .debug_macro   0x0001605b       0x10 ./Core/Src/main.o
 .debug_macro   0x0001606b       0x16 ./Core/Src/main.o
 .debug_macro   0x00016081       0x43 ./Core/Src/main.o
 .debug_macro   0x000160c4       0x34 ./Core/Src/main.o
 .debug_macro   0x000160f8       0x10 ./Core/Src/main.o
 .debug_macro   0x00016108       0x58 ./Core/Src/main.o
 .debug_macro   0x00016160       0x8e ./Core/Src/main.o
 .debug_macro   0x000161ee       0x1c ./Core/Src/main.o
 .debug_macro   0x0001620a      0x177 ./Core/Src/main.o
 .debug_macro   0x00016381       0x16 ./Core/Src/main.o
 .debug_macro   0x00016397       0x16 ./Core/Src/main.o
 .debug_macro   0x000163ad      0x146 ./Core/Src/main.o
 .debug_macro   0x000164f3       0x16 ./Core/Src/main.o
 .debug_macro   0x00016509       0x16 ./Core/Src/main.o
 .debug_macro   0x0001651f       0x29 ./Core/Src/main.o
 .debug_macro   0x00016548       0x16 ./Core/Src/main.o
 .debug_macro   0x0001655e       0x20 ./Core/Src/main.o
 .debug_macro   0x0001657e       0x5f ./Core/Src/main.o
 .debug_macro   0x000165dd      0x1c8 ./Core/Src/main.o
 .debug_macro   0x000167a5       0x8f ./Core/Src/main.o
 .debug_macro   0x00016834       0x10 ./Core/Src/main.o
 .debug_macro   0x00016844      0x1cc ./Core/Src/stm32f1xx_hal_msp.o
 .debug_macro   0x00016a10      0x1d6 ./Core/Src/stm32f1xx_it.o
 .debug_macro   0x00016be6      0x1bd ./Core/Src/system_stm32f1xx.o
 .debug_macro   0x00016da3      0x1e1 ./Drivers/STM32F1xx_HAL_Driver/Src/stm32f1xx_hal.o
 .debug_macro   0x00016f84      0x1bd ./Drivers/STM32F1xx_HAL_Driver/Src/stm32f1xx_hal_cortex.o
 .debug_macro   0x00017141      0x228 ./Drivers/STM32F1xx_HAL_Driver/Src/stm32f1xx_hal_gpio.o
 .debug_macro   0x00017369      0x1c9 ./Drivers/STM32F1xx_HAL_Driver/Src/stm32f1xx_hal_pcd.o
 .debug_macro   0x00017532      0x1bd ./Drivers/STM32F1xx_HAL_Driver/Src/stm32f1xx_hal_pcd_ex.o
 .debug_macro   0x000176ef      0x1cf ./Drivers/STM32F1xx_HAL_Driver/Src/stm32f1xx_hal_rcc.o
 .debug_macro   0x000178be      0x1bd ./Drivers/STM32F1xx_HAL_Driver/Src/stm32f1xx_hal_rcc_ex.o
 .debug_macro   0x00017a7b      0x1be ./Drivers/STM32F1xx_HAL_Driver/Src/stm32f1xx_hal_tim.o
 .debug_macro   0x00017c39      0x1bd ./Drivers/STM32F1xx_HAL_Driver/Src/stm32f1xx_hal_tim_ex.o
 .debug_macro   0x00017df6      0x1bd ./Drivers/STM32F1xx_HAL_Driver/Src/stm32f1xx_ll_usb.o
 .debug_macro   0x00017fb3      0x35b ./Middlewares/ST/STM32_USB_Device_Library/Class/CDC/Src/usbd_cdc.o
 .debug_macro   0x0001830e       0x9e ./Middlewares/ST/STM32_USB_Device_Library/Class/CDC/Src/usbd_cdc.o
 .debug_macro   0x000183ac      0x10b ./Middlewares/ST/STM32_USB_Device_Library/Class/CDC/Src/usbd_cdc.o
 .debug_macro   0x000184b7       0x56 ./Middlewares/ST/STM32_USB_Device_Library/Class/CDC/Src/usbd_cdc.o
 .debug_macro   0x0001850d      0x342 ./Middlewares/ST/STM32_USB_Device_Library/Core/Src/usbd_core.o
 .debug_macro   0x0001884f      0x1ce ./Middlewares/ST/STM32_USB_Device_Library/Core/Src/usbd_core.o
 .debug_macro   0x00018a1d      0x34c ./Middlewares/ST/STM32_USB_Device_Library/Core/Src/usbd_ctlreq.o
 .debug_macro   0x00018d69      0x348 ./Middlewares/ST/STM32_USB_Device_Library/Core/Src/usbd_ioreq.o
 .debug_macro   0x000190b1      0x37b ./USB_DEVICE/App/usb_device.o
 .debug_macro   0x0001942c       0x22 ./USB_DEVICE/App/usb_device.o
 .debug_macro   0x0001944e       0x22 ./USB_DEVICE/App/usb_device.o
 .debug_macro   0x00019470       0x16 ./USB_DEVICE/App/usb_device.o
 .debug_macro   0x00019486      0x366 ./USB_DEVICE/App/usbd_cdc_if.o
 .debug_macro   0x000197ec      0x37f ./USB_DEVICE/App/usbd_desc.o
 .debug_macro   0x00019b6b       0x1c ./USB_DEVICE/App/usbd_desc.o
 .debug_macro   0x00019b87      0x35f ./USB_DEVICE/Target/usbd_conf.o

.debug_line     0x00000000    0x13a71
 .debug_line    0x00000000      0xd30 ./Core/Src/main.o
 .debug_line    0x00000d30      0x7a7 ./Core/Src/stm32f1xx_hal_msp.o
 .debug_line    0x000014d7      0x832 ./Core/Src/stm32f1xx_it.o
 .debug_line    0x00001d09      0x7be ./Core/Src/system_stm32f1xx.o
 .debug_line    0x000024c7       0x78 ./Core/Startup/startup_stm32f103c8tx.o
 .debug_line    0x0000253f      0x9eb ./Drivers/STM32F1xx_HAL_Driver/Src/stm32f1xx_hal.o
 .debug_line    0x00002f2a      0xbd7 ./Drivers/STM32F1xx_HAL_Driver/Src/stm32f1xx_hal_cortex.o
 .debug_line    0x00003b01      0xa84 ./Drivers/STM32F1xx_HAL_Driver/Src/stm32f1xx_hal_gpio.o
 .debug_line    0x00004585     0x1446 ./Drivers/STM32F1xx_HAL_Driver/Src/stm32f1xx_hal_pcd.o
 .debug_line    0x000059cb      0x7b9 ./Drivers/STM32F1xx_HAL_Driver/Src/stm32f1xx_hal_pcd_ex.o
 .debug_line    0x00006184      0xdf4 ./Drivers/STM32F1xx_HAL_Driver/Src/stm32f1xx_hal_rcc.o
 .debug_line    0x00006f78      0x935 ./Drivers/STM32F1xx_HAL_Driver/Src/stm32f1xx_hal_rcc_ex.o
 .debug_line    0x000078ad     0x34f5 ./Drivers/STM32F1xx_HAL_Driver/Src/stm32f1xx_hal_tim.o
 .debug_line    0x0000ada2     0x194a ./Drivers/STM32F1xx_HAL_Driver/Src/stm32f1xx_hal_tim_ex.o
 .debug_line    0x0000c6ec     0x10bc ./Drivers/STM32F1xx_HAL_Driver/Src/stm32f1xx_ll_usb.o
 .debug_line    0x0000d7a8      0xd46 ./Middlewares/ST/STM32_USB_Device_Library/Class/CDC/Src/usbd_cdc.o
 .debug_line    0x0000e4ee      0xdc2 ./Middlewares/ST/STM32_USB_Device_Library/Core/Src/usbd_core.o
 .debug_line    0x0000f2b0     0x1002 ./Middlewares/ST/STM32_USB_Device_Library/Core/Src/usbd_ctlreq.o
 .debug_line    0x000102b2      0xa58 ./Middlewares/ST/STM32_USB_Device_Library/Core/Src/usbd_ioreq.o
 .debug_line    0x00010d0a      0xa18 ./USB_DEVICE/App/usb_device.o
 .debug_line    0x00011722      0xa6e ./USB_DEVICE/App/usbd_cdc_if.o
 .debug_line    0x00012190      0xae1 ./USB_DEVICE/App/usbd_desc.o
 .debug_line    0x00012c71      0xe00 ./USB_DEVICE/Target/usbd_conf.o

.debug_str      0x00000000    0x8cb5e
 .debug_str     0x00000000    0x88f24 ./Core/Src/main.o
                              0x89379 (size before relaxing)
 .debug_str     0x00088f24      0x337 ./Core/Src/stm32f1xx_hal_msp.o
                              0x84c72 (size before relaxing)
 .debug_str     0x0008925b      0x3f0 ./Core/Src/stm32f1xx_it.o
                              0x84c58 (size before relaxing)
 .debug_str     0x0008964b       0x6e ./Core/Src/system_stm32f1xx.o
                              0x843c2 (size before relaxing)
 .debug_str     0x000896b9       0x44 ./Core/Startup/startup_stm32f103c8tx.o
                                 0x68 (size before relaxing)
 .debug_str     0x000896fd      0x384 ./Drivers/STM32F1xx_HAL_Driver/Src/stm32f1xx_hal.o
                              0x84af5 (size before relaxing)
 .debug_str     0x00089a81      0x26c ./Drivers/STM32F1xx_HAL_Driver/Src/stm32f1xx_hal_cortex.o
                              0x84a41 (size before relaxing)
 .debug_str     0x00089ced      0x2e3 ./Drivers/STM32F1xx_HAL_Driver/Src/stm32f1xx_hal_gpio.o
                              0x84748 (size before relaxing)
 .debug_str     0x00089fd0      0x5bd ./Drivers/STM32F1xx_HAL_Driver/Src/stm32f1xx_hal_pcd.o
                              0x84cd4 (size before relaxing)
 .debug_str     0x0008a58d      0x170 ./Drivers/STM32F1xx_HAL_Driver/Src/stm32f1xx_hal_pcd_ex.o
                              0x84836 (size before relaxing)
 .debug_str     0x0008a6fd      0x229 ./Drivers/STM32F1xx_HAL_Driver/Src/stm32f1xx_hal_rcc.o
                              0x847f1 (size before relaxing)
 .debug_str     0x0008a926       0x9f ./Drivers/STM32F1xx_HAL_Driver/Src/stm32f1xx_hal_rcc_ex.o
                              0x84541 (size before relaxing)
 .debug_str     0x0008a9c5      0xd85 ./Drivers/STM32F1xx_HAL_Driver/Src/stm32f1xx_hal_tim.o
                              0x857e3 (size before relaxing)
 .debug_str     0x0008b74a      0x493 ./Drivers/STM32F1xx_HAL_Driver/Src/stm32f1xx_hal_tim_ex.o
                              0x84fff (size before relaxing)
 .debug_str     0x0008bbdd      0x129 ./Drivers/STM32F1xx_HAL_Driver/Src/stm32f1xx_ll_usb.o
                              0x84888 (size before relaxing)
 .debug_str     0x0008bd06      0x645 ./Middlewares/ST/STM32_USB_Device_Library/Class/CDC/Src/usbd_cdc.o
                              0x892db (size before relaxing)
 .debug_str     0x0008c34b      0x281 ./Middlewares/ST/STM32_USB_Device_Library/Core/Src/usbd_core.o
                              0x88c16 (size before relaxing)
 .debug_str     0x0008c5cc      0x120 ./Middlewares/ST/STM32_USB_Device_Library/Core/Src/usbd_ctlreq.o
                              0x88b30 (size before relaxing)
 .debug_str     0x0008c6ec       0x51 ./Middlewares/ST/STM32_USB_Device_Library/Core/Src/usbd_ioreq.o
                              0x88a5d (size before relaxing)
 .debug_str     0x0008c73d       0xc6 ./USB_DEVICE/App/usb_device.o
                              0x88de8 (size before relaxing)
 .debug_str     0x0008c803       0x8b ./USB_DEVICE/App/usbd_cdc_if.o
                              0x88e43 (size before relaxing)
 .debug_str     0x0008c88e      0x258 ./USB_DEVICE/App/usbd_desc.o
                              0x88999 (size before relaxing)
 .debug_str     0x0008cae6       0x78 ./USB_DEVICE/Target/usbd_conf.o
                              0x89868 (size before relaxing)

.comment        0x00000000       0x43
 .comment       0x00000000       0x43 ./Core/Src/main.o
                                 0x44 (size before relaxing)
 .comment       0x00000043       0x44 ./Core/Src/stm32f1xx_hal_msp.o
 .comment       0x00000043       0x44 ./Core/Src/stm32f1xx_it.o
 .comment       0x00000043       0x44 ./Core/Src/system_stm32f1xx.o
 .comment       0x00000043       0x44 ./Drivers/STM32F1xx_HAL_Driver/Src/stm32f1xx_hal.o
 .comment       0x00000043       0x44 ./Drivers/STM32F1xx_HAL_Driver/Src/stm32f1xx_hal_cortex.o
 .comment       0x00000043       0x44 ./Drivers/STM32F1xx_HAL_Driver/Src/stm32f1xx_hal_gpio.o
 .comment       0x00000043       0x44 ./Drivers/STM32F1xx_HAL_Driver/Src/stm32f1xx_hal_pcd.o
 .comment       0x00000043       0x44 ./Drivers/STM32F1xx_HAL_Driver/Src/stm32f1xx_hal_pcd_ex.o
 .comment       0x00000043       0x44 ./Drivers/STM32F1xx_HAL_Driver/Src/stm32f1xx_hal_rcc.o
 .comment       0x00000043       0x44 ./Drivers/STM32F1xx_HAL_Driver/Src/stm32f1xx_hal_rcc_ex.o
 .comment       0x00000043       0x44 ./Drivers/STM32F1xx_HAL_Driver/Src/stm32f1xx_hal_tim.o
 .comment       0x00000043       0x44 ./Drivers/STM32F1xx_HAL_Driver/Src/stm32f1xx_hal_tim_ex.o
 .comment       0x00000043       0x44 ./Drivers/STM32F1xx_HAL_Driver/Src/stm32f1xx_ll_usb.o
 .comment       0x00000043       0x44 ./Middlewares/ST/STM32_USB_Device_Library/Class/CDC/Src/usbd_cdc.o
 .comment       0x00000043       0x44 ./Middlewares/ST/STM32_USB_Device_Library/Core/Src/usbd_core.o
 .comment       0x00000043       0x44 ./Middlewares/ST/STM32_USB_Device_Library/Core/Src/usbd_ctlreq.o
 .comment       0x00000043       0x44 ./Middlewares/ST/STM32_USB_Device_Library/Core/Src/usbd_ioreq.o
 .comment       0x00000043       0x44 ./USB_DEVICE/App/usb_device.o
 .comment       0x00000043       0x44 ./USB_DEVICE/App/usbd_cdc_if.o
 .comment       0x00000043       0x44 ./USB_DEVICE/App/usbd_desc.o
 .comment       0x00000043       0x44 ./USB_DEVICE/Target/usbd_conf.o

.debug_frame    0x00000000     0x42ec
 .debug_frame   0x00000000      0x1b8 ./Core/Src/main.o
 .debug_frame   0x000001b8       0xa4 ./Core/Src/stm32f1xx_hal_msp.o
 .debug_frame   0x0000025c      0x13c ./Core/Src/stm32f1xx_it.o
 .debug_frame   0x00000398       0x58 ./Core/Src/system_stm32f1xx.o
 .debug_frame   0x000003f0      0x334 ./Drivers/STM32F1xx_HAL_Driver/Src/stm32f1xx_hal.o
 .debug_frame   0x00000724      0x428 ./Drivers/STM32F1xx_HAL_Driver/Src/stm32f1xx_hal_cortex.o
 .debug_frame   0x00000b4c      0x14c ./Drivers/STM32F1xx_HAL_Driver/Src/stm32f1xx_hal_gpio.o
 .debug_frame   0x00000c98      0x59c ./Drivers/STM32F1xx_HAL_Driver/Src/stm32f1xx_hal_pcd.o
 .debug_frame   0x00001234       0xb0 ./Drivers/STM32F1xx_HAL_Driver/Src/stm32f1xx_hal_pcd_ex.o
 .debug_frame   0x000012e4      0x218 ./Drivers/STM32F1xx_HAL_Driver/Src/stm32f1xx_hal_rcc.o
 .debug_frame   0x000014fc       0x80 ./Drivers/STM32F1xx_HAL_Driver/Src/stm32f1xx_hal_rcc_ex.o
 .debug_frame   0x0000157c     0x11bc ./Drivers/STM32F1xx_HAL_Driver/Src/stm32f1xx_hal_tim.o
 .debug_frame   0x00002738      0x638 ./Drivers/STM32F1xx_HAL_Driver/Src/stm32f1xx_hal_tim_ex.o
 .debug_frame   0x00002d70      0x478 ./Drivers/STM32F1xx_HAL_Driver/Src/stm32f1xx_ll_usb.o
 .debug_frame   0x000031e8      0x248 ./Middlewares/ST/STM32_USB_Device_Library/Class/CDC/Src/usbd_cdc.o
 .debug_frame   0x00003430      0x300 ./Middlewares/ST/STM32_USB_Device_Library/Core/Src/usbd_core.o
 .debug_frame   0x00003730      0x218 ./Middlewares/ST/STM32_USB_Device_Library/Core/Src/usbd_ctlreq.o
 .debug_frame   0x00003948      0x10c ./Middlewares/ST/STM32_USB_Device_Library/Core/Src/usbd_ioreq.o
 .debug_frame   0x00003a54       0x2c ./USB_DEVICE/App/usb_device.o
 .debug_frame   0x00003a80       0xbc ./USB_DEVICE/App/usbd_cdc_if.o
 .debug_frame   0x00003b3c      0x160 ./USB_DEVICE/App/usbd_desc.o
 .debug_frame   0x00003c9c      0x4a4 ./USB_DEVICE/Target/usbd_conf.o
 .debug_frame   0x00004140       0x20 D:/Files/STM32CubeIDE_1.16.0/STM32CubeIDE/plugins/com.st.stm32cube.ide.mcu.externaltools.gnu-tools-for-stm32.12.3.rel1.win32_1.0.200.202406191623/tools/bin/../lib/gcc/arm-none-eabi/12.3.1/../../../../arm-none-eabi/lib/thumb/v7-m/nofp\libc_nano.a(libc_a-memset.o)
 .debug_frame   0x00004160       0x2c D:/Files/STM32CubeIDE_1.16.0/STM32CubeIDE/plugins/com.st.stm32cube.ide.mcu.externaltools.gnu-tools-for-stm32.12.3.rel1.win32_1.0.200.202406191623/tools/bin/../lib/gcc/arm-none-eabi/12.3.1/../../../../arm-none-eabi/lib/thumb/v7-m/nofp\libc_nano.a(libc_a-init.o)
 .debug_frame   0x0000418c       0x28 D:/Files/STM32CubeIDE_1.16.0/STM32CubeIDE/plugins/com.st.stm32cube.ide.mcu.externaltools.gnu-tools-for-stm32.12.3.rel1.win32_1.0.200.202406191623/tools/bin/../lib/gcc/arm-none-eabi/12.3.1/../../../../arm-none-eabi/lib/thumb/v7-m/nofp\libc_nano.a(libc_a-memcpy-stub.o)
 .debug_frame   0x000041b4       0x24 D:/Files/STM32CubeIDE_1.16.0/STM32CubeIDE/plugins/com.st.stm32cube.ide.mcu.externaltools.gnu-tools-for-stm32.12.3.rel1.win32_1.0.200.202406191623/tools/bin/../lib/gcc/arm-none-eabi/12.3.1/thumb/v7-m/nofp\libgcc.a(_arm_mulsf3.o)
 .debug_frame   0x000041d8       0x4c D:/Files/STM32CubeIDE_1.16.0/STM32CubeIDE/plugins/com.st.stm32cube.ide.mcu.externaltools.gnu-tools-for-stm32.12.3.rel1.win32_1.0.200.202406191623/tools/bin/../lib/gcc/arm-none-eabi/12.3.1/thumb/v7-m/nofp\libgcc.a(_arm_addsubsf3.o)
 .debug_frame   0x00004224       0xc8 D:/Files/STM32CubeIDE_1.16.0/STM32CubeIDE/plugins/com.st.stm32cube.ide.mcu.externaltools.gnu-tools-for-stm32.12.3.rel1.win32_1.0.200.202406191623/tools/bin/../lib/gcc/arm-none-eabi/12.3.1/thumb/v7-m/nofp\libgcc.a(_arm_cmpsf2.o)

.debug_line_str
                0x00000000       0x4c
 .debug_line_str
                0x00000000       0x4c ./Core/Startup/startup_stm32f103c8tx.o
